Component: ARM Compiler 5.06 update 5 (build 528) Tool: armlink [4d35e2]

==============================================================================

Section Cross References

    startup_stm32f10x_md.o(STACK) refers (Special) to heapauxi.o(.text) for __use_two_region_memory
    startup_stm32f10x_md.o(HEAP) refers (Special) to heapauxi.o(.text) for __use_two_region_memory
    startup_stm32f10x_md.o(RESET) refers (Special) to heapauxi.o(.text) for __use_two_region_memory
    startup_stm32f10x_md.o(RESET) refers to startup_stm32f10x_md.o(STACK) for __initial_sp
    startup_stm32f10x_md.o(RESET) refers to startup_stm32f10x_md.o(.text) for Reset_Handler
    startup_stm32f10x_md.o(RESET) refers to stm32f10x_it.o(i.NMI_Handler) for NMI_Handler
    startup_stm32f10x_md.o(RESET) refers to stm32f10x_it.o(i.HardFault_Handler) for HardFault_Handler
    startup_stm32f10x_md.o(RESET) refers to stm32f10x_it.o(i.MemManage_Handler) for MemManage_Handler
    startup_stm32f10x_md.o(RESET) refers to stm32f10x_it.o(i.BusFault_Handler) for BusFault_Handler
    startup_stm32f10x_md.o(RESET) refers to stm32f10x_it.o(i.UsageFault_Handler) for UsageFault_Handler
    startup_stm32f10x_md.o(RESET) refers to stm32f10x_it.o(i.SVC_Handler) for SVC_Handler
    startup_stm32f10x_md.o(RESET) refers to stm32f10x_it.o(i.DebugMon_Handler) for DebugMon_Handler
    startup_stm32f10x_md.o(RESET) refers to stm32f10x_it.o(i.PendSV_Handler) for PendSV_Handler
    startup_stm32f10x_md.o(RESET) refers to stm32f10x_it.o(i.SysTick_Handler) for SysTick_Handler
    startup_stm32f10x_md.o(RESET) refers to key.o(i.EXTI1_IRQHandler) for EXTI1_IRQHandler
    startup_stm32f10x_md.o(RESET) refers to key.o(i.EXTI2_IRQHandler) for EXTI2_IRQHandler
    startup_stm32f10x_md.o(RESET) refers to key.o(i.EXTI3_IRQHandler) for EXTI3_IRQHandler
    startup_stm32f10x_md.o(RESET) refers to main.o(i.TIM1_UP_IRQHandler) for TIM1_UP_IRQHandler
    startup_stm32f10x_md.o(RESET) refers to key.o(i.TIM2_IRQHandler) for TIM2_IRQHandler
    startup_stm32f10x_md.o(RESET) refers to main.o(i.TIM4_IRQHandler) for TIM4_IRQHandler
    startup_stm32f10x_md.o(.text) refers (Special) to heapauxi.o(.text) for __use_two_region_memory
    startup_stm32f10x_md.o(.text) refers to system_stm32f10x.o(i.SystemInit) for SystemInit
    startup_stm32f10x_md.o(.text) refers to __main.o(!!!main) for __main
    startup_stm32f10x_md.o(.text) refers to startup_stm32f10x_md.o(HEAP) for Heap_Mem
    startup_stm32f10x_md.o(.text) refers to startup_stm32f10x_md.o(STACK) for Stack_Mem
    system_stm32f10x.o(i.SetSysClock) refers to system_stm32f10x.o(i.SetSysClockTo72) for SetSysClockTo72
    system_stm32f10x.o(i.SystemCoreClockUpdate) refers to system_stm32f10x.o(.data) for SystemCoreClock
    system_stm32f10x.o(i.SystemInit) refers to system_stm32f10x.o(i.SetSysClock) for SetSysClock
    stm32f10x_adc.o(i.ADC_DeInit) refers to stm32f10x_rcc.o(i.RCC_APB2PeriphResetCmd) for RCC_APB2PeriphResetCmd
    stm32f10x_bkp.o(i.BKP_DeInit) refers to stm32f10x_rcc.o(i.RCC_BackupResetCmd) for RCC_BackupResetCmd
    stm32f10x_can.o(i.CAN_DeInit) refers to stm32f10x_rcc.o(i.RCC_APB1PeriphResetCmd) for RCC_APB1PeriphResetCmd
    stm32f10x_can.o(i.CAN_GetITStatus) refers to stm32f10x_can.o(i.CheckITStatus) for CheckITStatus
    stm32f10x_cec.o(i.CEC_DeInit) refers to stm32f10x_rcc.o(i.RCC_APB1PeriphResetCmd) for RCC_APB1PeriphResetCmd
    stm32f10x_dac.o(i.DAC_DeInit) refers to stm32f10x_rcc.o(i.RCC_APB1PeriphResetCmd) for RCC_APB1PeriphResetCmd
    stm32f10x_flash.o(i.FLASH_EnableWriteProtection) refers to stm32f10x_flash.o(i.FLASH_WaitForLastOperation) for FLASH_WaitForLastOperation
    stm32f10x_flash.o(i.FLASH_EraseAllBank1Pages) refers to stm32f10x_flash.o(i.FLASH_WaitForLastBank1Operation) for FLASH_WaitForLastBank1Operation
    stm32f10x_flash.o(i.FLASH_EraseAllPages) refers to stm32f10x_flash.o(i.FLASH_WaitForLastOperation) for FLASH_WaitForLastOperation
    stm32f10x_flash.o(i.FLASH_EraseOptionBytes) refers to stm32f10x_flash.o(i.FLASH_GetReadOutProtectionStatus) for FLASH_GetReadOutProtectionStatus
    stm32f10x_flash.o(i.FLASH_EraseOptionBytes) refers to stm32f10x_flash.o(i.FLASH_WaitForLastOperation) for FLASH_WaitForLastOperation
    stm32f10x_flash.o(i.FLASH_ErasePage) refers to stm32f10x_flash.o(i.FLASH_WaitForLastOperation) for FLASH_WaitForLastOperation
    stm32f10x_flash.o(i.FLASH_ProgramHalfWord) refers to stm32f10x_flash.o(i.FLASH_WaitForLastOperation) for FLASH_WaitForLastOperation
    stm32f10x_flash.o(i.FLASH_ProgramOptionByteData) refers to stm32f10x_flash.o(i.FLASH_WaitForLastOperation) for FLASH_WaitForLastOperation
    stm32f10x_flash.o(i.FLASH_ProgramWord) refers to stm32f10x_flash.o(i.FLASH_WaitForLastOperation) for FLASH_WaitForLastOperation
    stm32f10x_flash.o(i.FLASH_ReadOutProtection) refers to stm32f10x_flash.o(i.FLASH_WaitForLastOperation) for FLASH_WaitForLastOperation
[...]
    i.dmp_set_fifo_rate                      0x08002d70   Section        0  inv_mpu_dmp_motion_driver.o(i.dmp_set_fifo_rate)
    i.dmp_set_gyro_bias                      0x08002de0   Section        0  inv_mpu_dmp_motion_driver.o(i.dmp_set_gyro_bias)
    i.dmp_set_orientation                    0x08002f10   Section        0  inv_mpu_dmp_motion_driver.o(i.dmp_set_orientation)
    i.dmp_set_shake_reject_thresh            0x08003048   Section        0  inv_mpu_dmp_motion_driver.o(i.dmp_set_shake_reject_thresh)
    i.dmp_set_shake_reject_time              0x08003080   Section        0  inv_mpu_dmp_motion_driver.o(i.dmp_set_shake_reject_time)
    i.dmp_set_shake_reject_timeout           0x080030a6   Section        0  inv_mpu_dmp_motion_driver.o(i.dmp_set_shake_reject_timeout)
    i.dmp_set_tap_axes                       0x080030cc   Section        0  inv_mpu_dmp_motion_driver.o(i.dmp_set_tap_axes)
    i.dmp_set_tap_count                      0x08003112   Section        0  inv_mpu_dmp_motion_driver.o(i.dmp_set_tap_count)
    i.dmp_set_tap_thresh                     0x08003138   Section        0  inv_mpu_dmp_motion_driver.o(i.dmp_set_tap_thresh)
    i.dmp_set_tap_time                       0x080032d8   Section        0  inv_mpu_dmp_motion_driver.o(i.dmp_set_tap_time)
    i.dmp_set_tap_time_multi                 0x080032fe   Section        0  inv_mpu_dmp_motion_driver.o(i.dmp_set_tap_time_multi)
    i.get_accel_prod_shift                   0x08003324   Section        0  inv_mpu.o(i.get_accel_prod_shift)
    get_accel_prod_shift                     0x08003325   Thumb Code   168  inv_mpu.o(i.get_accel_prod_shift)
    i.get_st_biases                          0x080033d8   Section        0  inv_mpu.o(i.get_st_biases)
    get_st_biases                            0x080033d9   Thumb Code  1132  inv_mpu.o(i.get_st_biases)
    i.gyro_self_test                         0x08003848   Section        0  inv_mpu.o(i.gyro_self_test)
    gyro_self_test                           0x08003849   Thumb Code   256  inv_mpu.o(i.gyro_self_test)
    i.inv_orientation_matrix_to_scalar       0x08003958   Section        0  inv_mpu.o(i.inv_orientation_matrix_to_scalar)
    i.inv_row_2_scale                        0x08003980   Section        0  inv_mpu.o(i.inv_row_2_scale)
    i.main                                   0x080039d0   Section        0  main.o(i.main)
    i.mpu6050_read                           0x08003be4   Section        0  mpu6050.o(i.mpu6050_read)
    i.mpu6050_read_reg                       0x08003c40   Section        0  mpu6050.o(i.mpu6050_read_reg)
    i.mpu6050_write                          0x08003c56   Section        0  mpu6050.o(i.mpu6050_write)
    i.mpu6050_write_reg                      0x08003c9a   Section        0  mpu6050.o(i.mpu6050_write_reg)
    i.mpu_configure_fifo                     0x08003cac   Section        0  inv_mpu.o(i.mpu_configure_fifo)
    i.mpu_get_accel_fsr                      0x08003d1c   Section        0  inv_mpu.o(i.mpu_get_accel_fsr)
    i.mpu_get_accel_sens                     0x08003d68   Section        0  inv_mpu.o(i.mpu_get_accel_sens)
    i.mpu_get_fifo_config                    0x08003dbc   Section        0  inv_mpu.o(i.mpu_get_fifo_config)
    i.mpu_get_gyro_fsr                       0x08003dcc   Section        0  inv_mpu.o(i.mpu_get_gyro_fsr)
    i.mpu_get_gyro_sens                      0x08003e10   Section        0  inv_mpu.o(i.mpu_get_gyro_sens)
    i.mpu_get_lpf                            0x08003e60   Section        0  inv_mpu.o(i.mpu_get_lpf)
    i.mpu_get_sample_rate                    0x08003eb0   Section        0  inv_mpu.o(i.mpu_get_sample_rate)
    i.mpu_init                               0x08003ed0   Section        0  inv_mpu.o(i.mpu_init)
    i.mpu_load_firmware                      0x08004060   Section        0  inv_mpu.o(i.mpu_load_firmware)
    i.mpu_lp_accel_mode                      0x08004118   Section        0  inv_mpu.o(i.mpu_lp_accel_mode)
    i.mpu_read_fifo_stream                   0x080041f8   Section        0  inv_mpu.o(i.mpu_read_fifo_stream)
    i.mpu_read_mem                           0x080042b8   Section        0  inv_mpu.o(i.mpu_read_mem)
    i.mpu_reset_fifo                         0x08004338   Section        0  inv_mpu.o(i.mpu_reset_fifo)
    i.mpu_run_self_test                      0x08004500   Section        0  inv_mpu.o(i.mpu_run_self_test)
    i.mpu_set_accel_fsr                      0x0800461c   Section        0  inv_mpu.o(i.mpu_set_accel_fsr)
    i.mpu_set_bypass                         0x080046a0   Section        0  inv_mpu.o(i.mpu_set_bypass)
    i.mpu_set_dmp_state                      0x080047ec   Section        0  inv_mpu.o(i.mpu_set_dmp_state)
    i.mpu_set_gyro_fsr                       0x0800487c   Section        0  inv_mpu.o(i.mpu_set_gyro_fsr)
    i.mpu_set_int_latched                    0x08004904   Section        0  inv_mpu.o(i.mpu_set_int_latched)
    i.mpu_set_lpf                            0x08004970   Section        0  inv_mpu.o(i.mpu_set_lpf)
    i.mpu_set_sample_rate                    0x080049f4   Section        0  inv_mpu.o(i.mpu_set_sample_rate)
    i.mpu_set_sensors                        0x08004a90   Section        0  inv_mpu.o(i.mpu_set_sensors)
    i.mpu_write_mem                          0x08004b60   Section        0  inv_mpu.o(i.mpu_write_mem)
    i.power                                  0x08004be0   Section        0  sys.o(i.power)
    i.run_self_test                          0x08004bf4   Section        0  inv_mpu.o(i.run_self_test)
    i.set_int_enable                         0x08004c88   Section        0  inv_mpu.o(i.set_int_enable)
    set_int_enable                           0x08004c89   Thumb Code   138  inv_mpu.o(i.set_int_enable)
    i.sqrt                                   0x08004d18   Section        0  sqrt.o(i.sqrt)
    x$fpl$d2f                                0x08004d64   Section       98  d2f.o(x$fpl$d2f)
    x$fpl$dadd                               0x08004dc8   Section      336  daddsub_clz.o(x$fpl$dadd)
    _dadd1                                   0x08004dd9   Thumb Code     0  daddsub_clz.o(x$fpl$dadd)
    x$fpl$dcheck1                            0x08004f18   Section       16  dcheck1.o(x$fpl$dcheck1)
    x$fpl$dcmpinf                            0x08004f28   Section       24  dcmpi.o(x$fpl$dcmpinf)
    x$fpl$ddiv                               0x08004f40   Section      688  ddiv.o(x$fpl$ddiv)
    ddiv_entry                               0x08004f47   Thumb Code     0  ddiv.o(x$fpl$ddiv)
    x$fpl$dleqf                              0x080051f0   Section      120  dleqf.o(x$fpl$dleqf)
    x$fpl$dmul                               0x08005268   Section      340  dmul.o(x$fpl$dmul)
    x$fpl$dnaninf                            0x080053bc   Section      156  dnaninf.o(x$fpl$dnaninf)
    x$fpl$dretinf                            0x08005458   Section       12  dretinf.o(x$fpl$dretinf)
    x$fpl$drsb                               0x08005464   Section       22  daddsub_clz.o(x$fpl$drsb)
    x$fpl$dsqrt                              0x0800547c   Section      460  dsqrt_noumaal.o(x$fpl$dsqrt)
    x$fpl$dsub                               0x08005648   Section      468  daddsub_clz.o(x$fpl$dsub)
    _dsub1                                   0x08005659   Thumb Code     0  daddsub_clz.o(x$fpl$dsub)
    x$fpl$f2d                                0x0800581c   Section       86  f2d.o(x$fpl$f2d)
    x$fpl$fadd                               0x08005874   Section      196  faddsub_clz.o(x$fpl$fadd)
    _fadd1                                   0x08005883   Thumb Code     0  faddsub_clz.o(x$fpl$fadd)
    x$fpl$fcmpinf                            0x08005938   Section       24  fcmpi.o(x$fpl$fcmpinf)
    x$fpl$fdiv                               0x08005950   Section      388  fdiv.o(x$fpl$fdiv)
    _fdiv1                                   0x08005951   Thumb Code     0  fdiv.o(x$fpl$fdiv)
    x$fpl$feqf                               0x08005ad4   Section      104  feqf.o(x$fpl$feqf)
    x$fpl$ffix                               0x08005b3c   Section       54  ffix.o(x$fpl$ffix)
    x$fpl$ffixu                              0x08005b74   Section       62  ffixu.o(x$fpl$ffixu)
    x$fpl$fflt                               0x08005bb4   Section       48  fflt_clz.o(x$fpl$fflt)
    x$fpl$ffltu                              0x08005be4   Section       38  fflt_clz.o(x$fpl$ffltu)
    x$fpl$fleqf                              0x08005c0c   Section      104  fleqf.o(x$fpl$fleqf)
    x$fpl$fmul                               0x08005c74   Section      258  fmul.o(x$fpl$fmul)
    x$fpl$fnaninf                            0x08005d76   Section      140  fnaninf.o(x$fpl$fnaninf)
    x$fpl$fretinf                            0x08005e02   Section       10  fretinf.o(x$fpl$fretinf)
    x$fpl$frleqf                             0x08005e0c   Section       98  frleqf.o(x$fpl$frleqf)
    x$fpl$fsub                               0x08005e70   Section      234  faddsub_clz.o(x$fpl$fsub)
    _fsub1                                   0x08005e7f   Thumb Code     0  faddsub_clz.o(x$fpl$fsub)
    x$fpl$retnan                             0x08005f5a   Section      100  retnan.o(x$fpl$retnan)
    x$fpl$scalbn                             0x08005fbe   Section       92  scalbn.o(x$fpl$scalbn)
    x$fpl$trapveneer                         0x0800601a   Section       48  trapv.o(x$fpl$trapveneer)
    x$fpl$usenofp                            0x0800604a   Section        0  usenofp.o(x$fpl$usenofp)
    .constdata                               0x0800604c   Section       80  inv_mpu.o(.constdata)
    .constdata                               0x0800609c   Section     3062  inv_mpu_dmp_motion_driver.o(.constdata)
    dmp_memory                               0x0800609c   Data        3062  inv_mpu_dmp_motion_driver.o(.constdata)
    .constdata                               0x08006c98   Section       80  asin.o(.constdata)
    pS                                       0x08006c98   Data          48  asin.o(.constdata)
    qS                                       0x08006cc8   Data          32  asin.o(.constdata)
    .constdata                               0x08006ce8   Section      152  atan.o(.constdata)
    atanhi                                   0x08006ce8   Data          32  atan.o(.constdata)
    atanlo                                   0x08006d08   Data          32  atan.o(.constdata)
    aTodd                                    0x08006d28   Data          40  atan.o(.constdata)
    aTeven                                   0x08006d50   Data          48  atan.o(.constdata)
    .constdata                               0x08006d80   Section        8  qnan.o(.constdata)
    .data                                    0x20000000   Section       20  stm32f10x_rcc.o(.data)
    APBAHBPrescTable                         0x20000000   Data          16  stm32f10x_rcc.o(.data)
    ADCPrescTable                            0x20000010   Data           4  stm32f10x_rcc.o(.data)
    .data                                    0x20000014   Section        9  serial.o(.data)
    .data                                    0x20000020   Section       53  inv_mpu.o(.data)
    st                                       0x20000020   Data          44  inv_mpu.o(.data)
    gyro_orientation                         0x2000004c   Data           9  inv_mpu.o(.data)
    .data                                    0x20000058   Section       64  main.o(.data)
    TimeOUT                                  0x2000008d   Data           1  main.o(.data)
    last_roll                                0x20000090   Data           4  main.o(.data)
    last_yaw                                 0x20000094   Data           4  main.o(.data)
    .bss                                     0x20000098   Section       16  inv_mpu_dmp_motion_driver.o(.bss)
    dmp                                      0x20000098   Data          16  inv_mpu_dmp_motion_driver.o(.bss)
    .bss                                     0x200000a8   Section       96  libspace.o(.bss)
    HEAP                                     0x20000108   Section      512  startup_stm32f10x_md.o(HEAP)
    Heap_Mem                                 0x20000108   Data         512  startup_stm32f10x_md.o(HEAP)
    STACK                                    0x20000308   Section     1024  startup_stm32f10x_md.o(STACK)
    Stack_Mem                                0x20000308   Data        1024  startup_stm32f10x_md.o(STACK)
    __initial_sp                             0x20000708   Data           0  startup_stm32f10x_md.o(STACK)

    Global Symbols

    Symbol Name                              Value     Ov Type        Size  Object(Section)

    BuildAttributes$$THM_ISAv4$P$D$K$B$S$PE$A:L22UL41UL21$X:L11$S22US41US21$IEEE1$IW$USESV6$~STKCKD$USESV7$~SHL$OTIME$ROPI$IEEEX$EBA8$UX$STANDARDLIB$REQ8$PRES8$EABIv2 0x00000000   Number         0  anon$$obj.o ABSOLUTE
    __ARM_use_no_argv                        0x00000000   Number         0  main.o ABSOLUTE
    _printf_flags                            0x00000000   Number         0  printf_stubs.o ABSOLUTE
    _printf_return_value                     0x00000000   Number         0  printf_stubs.o ABSOLUTE
    _printf_sizespec                         0x00000000   Number         0  printf_stubs.o ABSOLUTE
    _printf_widthprec                        0x00000000   Number         0  printf_stubs.o ABSOLUTE
    __ARM_exceptions_init                     - Undefined Weak Reference
    __alloca_initialize                       - Undefined Weak Reference
    __arm_preinit_                            - Undefined Weak Reference
    __cpp_initialize__aeabi_                  - Undefined Weak Reference
    __cxa_finalize                            - Undefined Weak Reference
    __sigvec_lookup                           - Undefined Weak Reference
    _atexit_init                              - Undefined Weak Reference
    _call_atexit_fns                          - Undefined Weak Reference
    _clock_init                               - Undefined Weak Reference
    _fp_trap_init                             - Undefined Weak Reference
    _fp_trap_shutdown                         - Undefined Weak Reference
    _get_lc_collate                           - Undefined Weak Reference
    _get_lc_monetary                          - Undefined Weak Reference
    _get_lc_time                              - Undefined Weak Reference
    _getenv_init                              - Undefined Weak Reference
    _handle_redirection                       - Undefined Weak Reference
    _init_alloc                               - Undefined Weak Reference
    _init_user_alloc                          - Undefined Weak Reference
    _initio                                   - Undefined Weak Reference
    _printf_mbtowc                            - Undefined Weak Reference
    _printf_wc                                - Undefined Weak Reference
    _rand_init                                - Undefined Weak Reference
    _signal_finish                            - Undefined Weak Reference
    _signal_init                              - Undefined Weak Reference
    _terminate_alloc                          - Undefined Weak Reference
    _terminate_user_alloc                     - Undefined Weak Reference
    _terminateio                              - Undefined Weak Reference
    __Vectors_Size                           0x000000ec   Number         0  startup_stm32f10x_md.o ABSOLUTE
    __Vectors                                0x08000000   Data           4  startup_stm32f10x_md.o(RESET)
    __Vectors_End                            0x080000ec   Data           0  startup_stm32f10x_md.o(RESET)
    __main                                   0x080000ed   Thumb Code     8  __main.o(!!!main)
    __scatterload                            0x080000f5   Thumb Code     0  __scatter.o(!!!scatter)
    __scatterload_rt2                        0x080000f5   Thumb Code    44  __scatter.o(!!!scatter)
    __scatterload_rt2_thumb_only             0x080000f5   Thumb Code     0  __scatter.o(!!!scatter)
    __scatterload_null                       0x08000103   Thumb Code     0  __scatter.o(!!!scatter)
    __scatterload_copy                       0x08000129   Thumb Code    26  __scatter_copy.o(!!handler_copy)
    __scatterload_zeroinit                   0x08000145   Thumb Code    28  __scatter_zi.o(!!handler_zi)
    __rt_lib_init                            0x08000161   Thumb Code     0  libinit.o(.ARM.Collect$$libinit$$00000000)
    __rt_lib_init_alloca_1                   0x08000163   Thumb Code     0  libinit2.o(.ARM.Collect$$libinit$$0000002E)
    __rt_lib_init_argv_1                     0x08000163   Thumb Code     0  libinit2.o(.ARM.Collect$$libinit$$0000002C)
    __rt_lib_init_atexit_1                   0x08000163   Thumb Code     0  libinit2.o(.ARM.Collect$$libinit$$0000001B)
    __rt_lib_init_clock_1                    0x08000163   Thumb Code     0  libinit2.o(.ARM.Collect$$libinit$$00000021)
    __rt_lib_init_cpp_1                      0x08000163   Thumb Code     0  libinit2.o(.ARM.Collect$$libinit$$00000032)
    __rt_lib_init_exceptions_1               0x08000163   Thumb Code     0  libinit2.o(.ARM.Collect$$libinit$$00000030)
    __rt_lib_init_fp_1                       0x08000163   Thumb Code     0  libinit2.o(.ARM.Collect$$libinit$$00000002)
    __rt_lib_init_fp_trap_1                  0x08000163   Thumb Code     0  libinit2.o(.ARM.Collect$$libinit$$0000001F)
    __rt_lib_init_getenv_1                   0x08000163   Thumb Code     0  libinit2.o(.ARM.Collect$$libinit$$00000023)
    __rt_lib_init_heap_1                     0x08000163   Thumb Code     0  libinit2.o(.ARM.Collect$$libinit$$0000000A)
    __rt_lib_init_lc_collate_1               0x08000163   Thumb Code     0  libinit2.o(.ARM.Collect$$libinit$$00000011)
    __rt_lib_init_lc_ctype_1                 0x08000163   Thumb Code     0  libinit2.o(.ARM.Collect$$libinit$$00000013)
    __rt_lib_init_lc_monetary_1              0x08000163   Thumb Code     0  libinit2.o(.ARM.Collect$$libinit$$00000015)
    __rt_lib_init_lc_numeric_1               0x08000163   Thumb Code     0  libinit2.o(.ARM.Collect$$libinit$$00000017)
    __rt_lib_init_lc_time_1                  0x08000163   Thumb Code     0  libinit2.o(.ARM.Collect$$libinit$$00000019)
    __rt_lib_init_preinit_1                  0x08000163   Thumb Code     0  libinit2.o(.ARM.Collect$$libinit$$00000004)
    __rt_lib_init_rand_1                     0x08000163   Thumb Code     0  libinit2.o(.ARM.Collect$$libinit$$0000000E)
    __rt_lib_init_return                     0x08000163   Thumb Code     0  libinit2.o(.ARM.Collect$$libinit$$00000033)
    __rt_lib_init_signal_1                   0x08000163   Thumb Code     0  libinit2.o(.ARM.Collect$$libinit$$0000001D)
    __rt_lib_init_stdio_1                    0x08000163   Thumb Code     0  libinit2.o(.ARM.Collect$$libinit$$00000025)
    __rt_lib_init_user_alloc_1               0x08000163   Thumb Code     0  libinit2.o(.ARM.Collect$$libinit$$0000000C)
    __rt_lib_shutdown                        0x08000165   Thumb Code     0  libshutdown.o(.ARM.Collect$$libshutdown$$00000000)
    __rt_lib_shutdown_cpp_1                  0x08000167   Thumb Code     0  libshutdown2.o(.ARM.Collect$$libshutdown$$00000002)
    __rt_lib_shutdown_fp_trap_1              0x08000167   Thumb Code     0  libshutdown2.o(.ARM.Collect$$libshutdown$$00000007)
    __rt_lib_shutdown_heap_1                 0x08000167   Thumb Code     0  libshutdown2.o(.ARM.Collect$$libshutdown$$0000000F)
    __rt_lib_shutdown_return                 0x08000167   Thumb Code     0  libshutdown2.o(.ARM.Collect$$libshutdown$$00000010)
    __rt_lib_shutdown_signal_1               0x08000167   Thumb Code     0  libshutdown2.o(.ARM.Collect$$libshutdown$$0000000A)
    __rt_lib_shutdown_stdio_1                0x08000167   Thumb Code     0  libshutdown2.o(.ARM.Collect$$libshutdown$$00000004)
    __rt_lib_shutdown_user_alloc_1           0x08000167   Thumb Code     0  libshutdown2.o(.ARM.Collect$$libshutdown$$0000000C)
    __rt_entry                               0x08000169   Thumb Code     0  __rtentry.o(.ARM.Collect$$rtentry$$00000000)
    __rt_entry_presh_1                       0x08000169   Thumb Code     0  __rtentry2.o(.ARM.Collect$$rtentry$$00000002)
    __rt_entry_sh                            0x08000169   Thumb Code     0  __rtentry4.o(.ARM.Collect$$rtentry$$00000004)
    __rt_entry_li                            0x0800016f   Thumb Code     0  __rtentry2.o(.ARM.Collect$$rtentry$$0000000A)
    __rt_entry_postsh_1                      0x0800016f   Thumb Code     0  __rtentry2.o(.ARM.Collect$$rtentry$$00000009)
    __rt_entry_main                          0x08000173   Thumb Code     0  __rtentry2.o(.ARM.Collect$$rtentry$$0000000D)
    __rt_entry_postli_1                      0x08000173   Thumb Code     0  __rtentry2.o(.ARM.Collect$$rtentry$$0000000C)
    __rt_exit                                0x0800017b   Thumb Code     0  rtexit.o(.ARM.Collect$$rtexit$$00000000)
    __rt_exit_ls                             0x0800017d   Thumb Code     0  rtexit2.o(.ARM.Collect$$rtexit$$00000003)
    __rt_exit_prels_1                        0x0800017d   Thumb Code     0  rtexit2.o(.ARM.Collect$$rtexit$$00000002)
    __rt_exit_exit                           0x08000181   Thumb Code     0  rtexit2.o(.ARM.Collect$$rtexit$$00000004)
    Reset_Handler                            0x08000189   Thumb Code     8  startup_stm32f10x_md.o(.text)
    ADC1_2_IRQHandler                        0x080001a3   Thumb Code     0  startup_stm32f10x_md.o(.text)
    CAN1_RX1_IRQHandler                      0x080001a3   Thumb Code     0  startup_stm32f10x_md.o(.text)
    CAN1_SCE_IRQHandler                      0x080001a3   Thumb Code     0  startup_stm32f10x_md.o(.text)
    DMA1_Channel1_IRQHandler                 0x080001a3   Thumb Code     0  startup_stm32f10x_md.o(.text)
    DMA1_Channel2_IRQHandler                 0x080001a3   Thumb Code     0  startup_stm32f10x_md.o(.text)
    DMA1_Channel3_IRQHandler                 0x080001a3   Thumb Code     0  startup_stm32f10x_md.o(.text)
    DMA1_Channel4_IRQHandler                 0x080001a3   Thumb Code     0  startup_stm32f10x_md.o(.text)
    DMA1_Channel5_IRQHandler                 0x080001a3   Thumb Code     0  startup_stm32f10x_md.o(.text)
    DMA1_Channel6_IRQHandler                 0x080001a3   Thumb Code     0  startup_stm32f10x_md.o(.text)
    DMA1_Channel7_IRQHandler                 0x080001a3   Thumb Code     0  startup_stm32f10x_md.o(.text)
    EXTI0_IRQHandler                         0x080001a3   Thumb Code     0  startup_stm32f10x_md.o(.text)
    EXTI15_10_IRQHandler                     0x080001a3   Thumb Code     0  startup_stm32f10x_md.o(.text)
    EXTI4_IRQHandler                         0x080001a3   Thumb Code     0  startup_stm32f10x_md.o(.text)
    EXTI9_5_IRQHandler                       0x080001a3   Thumb Code     0  startup_stm32f10x_md.o(.text)
    FLASH_IRQHandler                         0x080001a3   Thumb Code     0  startup_stm32f10x_md.o(.text)
    I2C1_ER_IRQHandler                       0x080001a3   Thumb Code     0  startup_stm32f10x_md.o(.text)
    I2C1_EV_IRQHandler                       0x080001a3   Thumb Code     0  startup_stm32f10x_md.o(.text)
    I2C2_ER_IRQHandler                       0x080001a3   Thumb Code     0  startup_stm32f10x_md.o(.text)
    I2C2_EV_IRQHandler                       0x080001a3   Thumb Code     0  startup_stm32f10x_md.o(.text)
    PVD_IRQHandler                           0x080001a3   Thumb Code     0  startup_stm32f10x_md.o(.text)
    RCC_IRQHandler                           0x080001a3   Thumb Code     0  startup_stm32f10x_md.o(.text)
    RTCAlarm_IRQHandler                      0x080001a3   Thumb Code     0  startup_stm32f10x_md.o(.text)
    RTC_IRQHandler                           0x080001a3   Thumb Code     0  startup_stm32f10x_md.o(.text)
    SPI1_IRQHandler                          0x080001a3   Thumb Code     0  startup_stm32f10x_md.o(.text)
    SPI2_IRQHandler                          0x080001a3   Thumb Code     0  startup_stm32f10x_md.o(.text)
    TAMPER_IRQHandler                        0x080001a3   Thumb Code     0  startup_stm32f10x_md.o(.text)
    TIM1_BRK_IRQHandler                      0x080001a3   Thumb Code     0  startup_stm32f10x_md.o(.text)
    TIM1_CC_IRQHandler                       0x080001a3   Thumb Code     0  startup_stm32f10x_md.o(.text)
    TIM1_TRG_COM_IRQHandler                  0x080001a3   Thumb Code     0  startup_stm32f10x_md.o(.text)
    TIM3_IRQHandler                          0x080001a3   Thumb Code     0  startup_stm32f10x_md.o(.text)
    USART1_IRQHandler                        0x080001a3   Thumb Code     0  startup_stm32f10x_md.o(.text)
    USART2_IRQHandler                        0x080001a3   Thumb Code     0  startup_stm32f10x_md.o(.text)
    USART3_IRQHandler                        0x080001a3   Thumb Code     0  startup_stm32f10x_md.o(.text)
    USBWakeUp_IRQHandler                     0x080001a3   Thumb Code     0  startup_stm32f10x_md.o(.text)
    USB_HP_CAN1_TX_IRQHandler                0x080001a3   Thumb Code     0  startup_stm32f10x_md.o(.text)
    USB_LP_CAN1_RX0_IRQHandler               0x080001a3   Thumb Code     0  startup_stm32f10x_md.o(.text)
    WWDG_IRQHandler                          0x080001a3   Thumb Code     0  startup_stm32f10x_md.o(.text)
    __user_initial_stackheap                 0x080001a5   Thumb Code     0  startup_stm32f10x_md.o(.text)
    __aeabi_ldivmod                          0x080001c9   Thumb Code     0  llsdiv.o(.text)
    _ll_sdiv                                 0x080001c9   Thumb Code    72  llsdiv.o(.text)
    memcmp                                   0x08000211   Thumb Code    88  memcmp.o(.text)
    __aeabi_memset                           0x08000269   Thumb Code    16  aeabi_memset.o(.text)
    __use_two_region_memory                  0x08000279   Thumb Code     2  heapauxi.o(.text)
    __rt_heap_escrow$2region                 0x0800027b   Thumb Code     2  heapauxi.o(.text)
    __rt_heap_expand$2region                 0x0800027d   Thumb Code     2  heapauxi.o(.text)
    __aeabi_uldivmod                         0x0800027f   Thumb Code     0  lludivv7m.o(.text)
    _ll_udiv                                 0x0800027f   Thumb Code   238  lludivv7m.o(.text)
    __read_errno                             0x0800036d   Thumb Code    10  _rserrno.o(.text)
    __set_errno                              0x08000377   Thumb Code    12  _rserrno.o(.text)
    __aeabi_memclr                           0x08000383   Thumb Code     0  rt_memclr.o(.text)
    __rt_memclr                              0x08000383   Thumb Code    68  rt_memclr.o(.text)
    _memset                                  0x08000387   Thumb Code     0  rt_memclr.o(.text)
    __aeabi_errno_addr                       0x080003c9   Thumb Code     8  rt_errno_addr_intlibspace.o(.text)
    __errno$intlibspace                      0x080003c9   Thumb Code     0  rt_errno_addr_intlibspace.o(.text)
    __rt_errno_addr$intlibspace              0x080003c9   Thumb Code     0  rt_errno_addr_intlibspace.o(.text)
    __aeabi_memclr4                          0x080003d1   Thumb Code     0  rt_memclr_w.o(.text)
    __aeabi_memclr8                          0x080003d1   Thumb Code     0  rt_memclr_w.o(.text)
    __rt_memclr_w                            0x080003d1   Thumb Code    78  rt_memclr_w.o(.text)
    _memset_w                                0x080003d5   Thumb Code     0  rt_memclr_w.o(.text)
    __user_libspace                          0x08000421   Thumb Code     8  libspace.o(.text)
    __user_perproc_libspace                  0x08000421   Thumb Code     0  libspace.o(.text)
    __user_perthread_libspace                0x08000421   Thumb Code     0  libspace.o(.text)
    __user_setup_stackheap                   0x08000429   Thumb Code    74  sys_stackheap_outer.o(.text)
    exit                                     0x08000473   Thumb Code    18  exit.o(.text)
    _sys_exit                                0x08000485   Thumb Code     8  sys_exit.o(.text)
    __I$use$semihosting                      0x08000491   Thumb Code     0  use_no_semi.o(.text)
    __use_no_semihosting_swi                 0x08000491   Thumb Code     2  use_no_semi.o(.text)
    ADC_Cmd                                  0x08000493   Thumb Code    22  stm32f10x_adc.o(i.ADC_Cmd)
    __semihosting_library_function           0x08000493   Thumb Code     0  indicate_semi.o(.text)
    ADC_GetCalibrationStatus                 0x080004a9   Thumb Code    20  stm32f10x_adc.o(i.ADC_GetCalibrationStatus)
    ADC_GetConversionValue                   0x080004bd   Thumb Code     8  stm32f10x_adc.o(i.ADC_GetConversionValue)
    ADC_GetFlagStatus                        0x080004c5   Thumb Code    18  stm32f10x_adc.o(i.ADC_GetFlagStatus)
    ADC_GetResetCalibrationStatus            0x080004d7   Thumb Code    20  stm32f10x_adc.o(i.ADC_GetResetCalibrationStatus)
    ADC_Init                                 0x080004ed   Thumb Code    70  stm32f10x_adc.o(i.ADC_Init)
    ADC_RegularChannelConfig                 0x0800053d   Thumb Code   184  stm32f10x_adc.o(i.ADC_RegularChannelConfig)
    ADC_ResetCalibration                     0x080005f5   Thumb Code    10  stm32f10x_adc.o(i.ADC_ResetCalibration)
    ADC_SoftwareStartConvCmd                 0x080005ff   Thumb Code    22  stm32f10x_adc.o(i.ADC_SoftwareStartConvCmd)
    ADC_StartCalibration                     0x08000615   Thumb Code    10  stm32f10x_adc.o(i.ADC_StartCalibration)
    AD_GetValue                              0x08000621   Thumb Code    32  ad.o(i.AD_GetValue)
    AD_Init                                  0x08000645   Thumb Code   150  ad.o(i.AD_Init)
    AirMouse_Update                          0x080006e5   Thumb Code   266  main.o(i.AirMouse_Update)
    Bat_LED_Show                             0x0800080d   Thumb Code    28  led.o(i.Bat_LED_Show)
    BusFault_Handler                         0x08000829   Thumb Code     4  stm32f10x_it.o(i.BusFault_Handler)
    DebugMon_Handler                         0x0800082d   Thumb Code     2  stm32f10x_it.o(i.DebugMon_Handler)
    Delay_ms                                 0x0800082f   Thumb Code    24  delay.o(i.Delay_ms)
    Delay_us                                 0x08000847   Thumb Code    46  delay.o(i.Delay_us)
    EXTI1_IRQHandler                         0x08000875   Thumb Code    38  key.o(i.EXTI1_IRQHandler)
    EXTI2_IRQHandler                         0x0800089b   Thumb Code    38  key.o(i.EXTI2_IRQHandler)
    EXTI3_IRQHandler                         0x080008c1   Thumb Code    38  key.o(i.EXTI3_IRQHandler)
    EXTI_ClearITPendingBit                   0x080008e9   Thumb Code     6  stm32f10x_exti.o(i.EXTI_ClearITPendingBit)
    EXTI_GetITStatus                         0x080008f5   Thumb Code    34  stm32f10x_exti.o(i.EXTI_GetITStatus)
    EXTI_Init                                0x0800091d   Thumb Code   142  stm32f10x_exti.o(i.EXTI_Init)
    Encoder_Get                              0x080009b1   Thumb Code    22  encoder.o(i.Encoder_Get)
    Encoder_Init                             0x080009cd   Thumb Code   152  encoder.o(i.Encoder_Init)
    GPIO_EXTILineConfig                      0x08000a6d   Thumb Code    60  stm32f10x_gpio.o(i.GPIO_EXTILineConfig)
    GPIO_Init                                0x08000aad   Thumb Code   278  stm32f10x_gpio.o(i.GPIO_Init)
    GPIO_ReadInputDataBit                    0x08000bc3   Thumb Code    18  stm32f10x_gpio.o(i.GPIO_ReadInputDataBit)
    GPIO_ResetBits                           0x08000bd5   Thumb Code     4  stm32f10x_gpio.o(i.GPIO_ResetBits)
    GPIO_SetBits                             0x08000bd9   Thumb Code     4  stm32f10x_gpio.o(i.GPIO_SetBits)
    HardFault_Handler                        0x08000bdd   Thumb Code     4  stm32f10x_it.o(i.HardFault_Handler)
    Key_Init                                 0x08000be1   Thumb Code   184  key.o(i.Key_Init)
    LED1_OFF                                 0x08000c9d   Thumb Code    14  led.o(i.LED1_OFF)
    LED1_ON                                  0x08000cb1   Thumb Code    14  led.o(i.LED1_ON)
    LED2_OFF                                 0x08000cc5   Thumb Code    14  led.o(i.LED2_OFF)
    LED2_ON                                  0x08000cd9   Thumb Code    14  led.o(i.LED2_ON)
    LED_Init                                 0x08000ced   Thumb Code    40  led.o(i.LED_Init)
    MPU6050_DMP_Get_Data                     0x08000d19   Thumb Code   544  inv_mpu.o(i.MPU6050_DMP_Get_Data)
    MPU6050_DMP_Init                         0x08000f3d   Thumb Code    74  inv_mpu.o(i.MPU6050_DMP_Init)
    MPU6050_IIC_IO_Init                      0x08000f8d   Thumb Code    32  mpu6050_i2c.o(i.MPU6050_IIC_IO_Init)
    MPU6050_IIC_Read_Ack                     0x08000fb9   Thumb Code    72  mpu6050_i2c.o(i.MPU6050_IIC_Read_Ack)
    MPU6050_IIC_Read_Byte                    0x08001009   Thumb Code    86  mpu6050_i2c.o(i.MPU6050_IIC_Read_Byte)
    MPU6050_IIC_SDA_IO_IN                    0x08001069   Thumb Code    20  mpu6050_i2c.o(i.MPU6050_IIC_SDA_IO_IN)
    MPU6050_IIC_SDA_IO_OUT                   0x08001081   Thumb Code    20  mpu6050_i2c.o(i.MPU6050_IIC_SDA_IO_OUT)
    MPU6050_IIC_Send_Ack                     0x08001099   Thumb Code    48  mpu6050_i2c.o(i.MPU6050_IIC_Send_Ack)
    MPU6050_IIC_Send_Byte                    0x080010d1   Thumb Code    90  mpu6050_i2c.o(i.MPU6050_IIC_Send_Byte)
    MPU6050_IIC_Start                        0x08001135   Thumb Code    46  mpu6050_i2c.o(i.MPU6050_IIC_Start)
    MPU6050_IIC_Stop                         0x0800116d   Thumb Code    52  mpu6050_i2c.o(i.MPU6050_IIC_Stop)
    MPU6050_Init                             0x080011a9   Thumb Code   114  mpu6050.o(i.MPU6050_Init)
    MPU_Set_Accel_Fsr                        0x0800121b   Thumb Code    18  mpu6050.o(i.MPU_Set_Accel_Fsr)
    MPU_Set_Gyro_Fsr                         0x0800122d   Thumb Code    18  mpu6050.o(i.MPU_Set_Gyro_Fsr)
    MPU_Set_LPF                              0x0800123f   Thumb Code    60  mpu6050.o(i.MPU_Set_LPF)
    MPU_Set_Rate                             0x0800127b   Thumb Code    56  mpu6050.o(i.MPU_Set_Rate)
    MemManage_Handler                        0x080012b3   Thumb Code     4  stm32f10x_it.o(i.MemManage_Handler)
    My_GPIO_Init                             0x080012b9   Thumb Code   172  sys.o(i.My_GPIO_Init)
    NMI_Handler                              0x08001369   Thumb Code     2  stm32f10x_it.o(i.NMI_Handler)
    NVIC_Init                                0x0800136d   Thumb Code   100  misc.o(i.NVIC_Init)
    NVIC_PriorityGroupConfig                 0x080013dd   Thumb Code    10  misc.o(i.NVIC_PriorityGroupConfig)
    PendSV_Handler                           0x080013f1   Thumb Code     2  stm32f10x_it.o(i.PendSV_Handler)
    RCC_ADCCLKConfig                         0x080013f5   Thumb Code    18  stm32f10x_rcc.o(i.RCC_ADCCLKConfig)
    RCC_APB1PeriphClockCmd                   0x0800140d   Thumb Code    26  stm32f10x_rcc.o(i.RCC_APB1PeriphClockCmd)
    RCC_APB2PeriphClockCmd                   0x0800142d   Thumb Code    26  stm32f10x_rcc.o(i.RCC_APB2PeriphClockCmd)
    RCC_GetClocksFreq                        0x0800144d   Thumb Code   192  stm32f10x_rcc.o(i.RCC_GetClocksFreq)
    SVC_Handler                              0x08001521   Thumb Code     2  stm32f10x_it.o(i.SVC_Handler)
    Serial_Init                              0x08001525   Thumb Code   128  serial.o(i.Serial_Init)
    Serial_SendArray                         0x080015ad   Thumb Code    26  serial.o(i.Serial_SendArray)
    Serial_SendByte                          0x080015c9   Thumb Code    28  serial.o(i.Serial_SendByte)
    Serial_SendPacket                        0x080015e9   Thumb Code    24  serial.o(i.Serial_SendPacket)
    SysTick_Handler                          0x080016ed   Thumb Code     2  stm32f10x_it.o(i.SysTick_Handler)
    SystemInit                               0x080016f1   Thumb Code    78  system_stm32f10x.o(i.SystemInit)
    TIM1_Init                                0x08001991   Thumb Code   126  main.o(i.TIM1_Init)
    TIM1_UP_IRQHandler                       0x08001a15   Thumb Code    40  main.o(i.TIM1_UP_IRQHandler)
    TIM2_IRQHandler                          0x08001a45   Thumb Code   102  key.o(i.TIM2_IRQHandler)
    TIM2_Init                                0x08001ab9   Thumb Code   120  key.o(i.TIM2_Init)
    TIM4_IRQHandler                          0x08001b31   Thumb Code    34  main.o(i.TIM4_IRQHandler)
    TIM4_Init                                0x08001b5d   Thumb Code   124  ad.o(i.TIM4_Init)
    TIM_ClearFlag                            0x08001bdd   Thumb Code     6  stm32f10x_tim.o(i.TIM_ClearFlag)
    TIM_ClearITPendingBit                    0x08001be3   Thumb Code     6  stm32f10x_tim.o(i.TIM_ClearITPendingBit)
    TIM_Cmd                                  0x08001be9   Thumb Code    24  stm32f10x_tim.o(i.TIM_Cmd)
    TIM_EncoderInterfaceConfig               0x08001c01   Thumb Code    66  stm32f10x_tim.o(i.TIM_EncoderInterfaceConfig)
    TIM_GetCounter                           0x08001c43   Thumb Code     6  stm32f10x_tim.o(i.TIM_GetCounter)
    TIM_GetITStatus                          0x08001c49   Thumb Code    34  stm32f10x_tim.o(i.TIM_GetITStatus)
    TIM_ICInit                               0x08001c6d   Thumb Code   150  stm32f10x_tim.o(i.TIM_ICInit)
    TIM_ICStructInit                         0x08001d19   Thumb Code    18  stm32f10x_tim.o(i.TIM_ICStructInit)
    TIM_ITConfig                             0x08001d2b   Thumb Code    18  stm32f10x_tim.o(i.TIM_ITConfig)
    TIM_SetCounter                           0x08001d3d   Thumb Code     4  stm32f10x_tim.o(i.TIM_SetCounter)
    TIM_SetIC1Prescaler                      0x08001d41   Thumb Code    18  stm32f10x_tim.o(i.TIM_SetIC1Prescaler)
    TIM_SetIC2Prescaler                      0x08001d53   Thumb Code    26  stm32f10x_tim.o(i.TIM_SetIC2Prescaler)
    TIM_SetIC3Prescaler                      0x08001d6d   Thumb Code    18  stm32f10x_tim.o(i.TIM_SetIC3Prescaler)
    TIM_SetIC4Prescaler                      0x08001d7f   Thumb Code    26  stm32f10x_tim.o(i.TIM_SetIC4Prescaler)
    TIM_TimeBaseInit                         0x08001d99   Thumb Code   122  stm32f10x_tim.o(i.TIM_TimeBaseInit)
    USART_Cmd                                0x08001e3d   Thumb Code    24  stm32f10x_usart.o(i.USART_Cmd)
    USART_GetFlagStatus                      0x08001e55   Thumb Code    26  stm32f10x_usart.o(i.USART_GetFlagStatus)
    USART_Init                               0x08001e71   Thumb Code   210  stm32f10x_usart.o(i.USART_Init)
    USART_SendData                           0x08001f49   Thumb Code     8  stm32f10x_usart.o(i.USART_SendData)
    UsageFault_Handler                       0x08001f51   Thumb Code     4  stm32f10x_it.o(i.UsageFault_Handler)
    __ARM_fpclassify                         0x08001f55   Thumb Code    40  fpclassify.o(i.__ARM_fpclassify)
    __kernel_poly                            0x08001f7d   Thumb Code   170  poly.o(i.__kernel_poly)
    __mathlib_dbl_infnan                     0x08002027   Thumb Code     6  dunder.o(i.__mathlib_dbl_infnan)
    __mathlib_dbl_infnan2                    0x0800202d   Thumb Code     4  dunder.o(i.__mathlib_dbl_infnan2)
    __mathlib_dbl_invalid                    0x08002031   Thumb Code    12  dunder.o(i.__mathlib_dbl_invalid)
    __mathlib_dbl_underflow                  0x0800203d   Thumb Code    10  dunder.o(i.__mathlib_dbl_underflow)
    asin                                     0x080020f5   Thumb Code   572  asin.o(i.asin)
    atan                                     0x08002365   Thumb Code   474  atan.o(i.atan)
    atan2                                    0x08002585   Thumb Code   346  atan2.o(i.atan2)
    delay_us                                 0x08002769   Thumb Code    12  delay.o(i.delay_us)
    dmp_enable_6x_lp_quat                    0x08002775   Thumb Code    60  inv_mpu_dmp_motion_driver.o(i.dmp_enable_6x_lp_quat)
    dmp_enable_feature                       0x080027b1   Thumb Code   530  inv_mpu_dmp_motion_driver.o(i.dmp_enable_feature)
    dmp_enable_gyro_cal                      0x080029cd   Thumb Code    62  inv_mpu_dmp_motion_driver.o(i.dmp_enable_gyro_cal)
    dmp_enable_lp_quat                       0x08002a25   Thumb Code    60  inv_mpu_dmp_motion_driver.o(i.dmp_enable_lp_quat)
    dmp_load_motion_driver_firmware          0x08002a61   Thumb Code    20  inv_mpu_dmp_motion_driver.o(i.dmp_load_motion_driver_firmware)
    dmp_read_fifo                            0x08002a79   Thumb Code   450  inv_mpu_dmp_motion_driver.o(i.dmp_read_fifo)
    dmp_set_accel_bias                       0x08002c41   Thumb Code   300  inv_mpu_dmp_motion_driver.o(i.dmp_set_accel_bias)
    dmp_set_fifo_rate                        0x08002d71   Thumb Code    96  inv_mpu_dmp_motion_driver.o(i.dmp_set_fifo_rate)
    dmp_set_gyro_bias                        0x08002de1   Thumb Code   294  inv_mpu_dmp_motion_driver.o(i.dmp_set_gyro_bias)
    dmp_set_orientation                      0x08002f11   Thumb Code   290  inv_mpu_dmp_motion_driver.o(i.dmp_set_orientation)
    dmp_set_shake_reject_thresh              0x08003049   Thumb Code    56  inv_mpu_dmp_motion_driver.o(i.dmp_set_shake_reject_thresh)
    dmp_set_shake_reject_time                0x08003081   Thumb Code    38  inv_mpu_dmp_motion_driver.o(i.dmp_set_shake_reject_time)
    dmp_set_shake_reject_timeout             0x080030a7   Thumb Code    38  inv_mpu_dmp_motion_driver.o(i.dmp_set_shake_reject_timeout)
    dmp_set_tap_axes                         0x080030cd   Thumb Code    70  inv_mpu_dmp_motion_driver.o(i.dmp_set_tap_axes)
    dmp_set_tap_count                        0x08003113   Thumb Code    38  inv_mpu_dmp_motion_driver.o(i.dmp_set_tap_count)
    dmp_set_tap_thresh                       0x08003139   Thumb Code   396  inv_mpu_dmp_motion_driver.o(i.dmp_set_tap_thresh)
    dmp_set_tap_time                         0x080032d9   Thumb Code    38  inv_mpu_dmp_motion_driver.o(i.dmp_set_tap_time)
    dmp_set_tap_time_multi                   0x080032ff   Thumb Code    38  inv_mpu_dmp_motion_driver.o(i.dmp_set_tap_time_multi)
    inv_orientation_matrix_to_scalar         0x08003959   Thumb Code    40  inv_mpu.o(i.inv_orientation_matrix_to_scalar)
    inv_row_2_scale                          0x08003981   Thumb Code    78  inv_mpu.o(i.inv_row_2_scale)
    main                                     0x080039d1   Thumb Code   458  main.o(i.main)
    mpu6050_read                             0x08003be5   Thumb Code    92  mpu6050.o(i.mpu6050_read)
    mpu6050_read_reg                         0x08003c41   Thumb Code    22  mpu6050.o(i.mpu6050_read_reg)
    mpu6050_write                            0x08003c57   Thumb Code    68  mpu6050.o(i.mpu6050_write)
    mpu6050_write_reg                        0x08003c9b   Thumb Code    18  mpu6050.o(i.mpu6050_write_reg)
    mpu_configure_fifo                       0x08003cad   Thumb Code   106  inv_mpu.o(i.mpu_configure_fifo)
    mpu_get_accel_fsr                        0x08003d1d   Thumb Code    72  inv_mpu.o(i.mpu_get_accel_fsr)
    mpu_get_accel_sens                       0x08003d69   Thumb Code    78  inv_mpu.o(i.mpu_get_accel_sens)
    mpu_get_fifo_config                      0x08003dbd   Thumb Code    12  inv_mpu.o(i.mpu_get_fifo_config)
    mpu_get_gyro_fsr                         0x08003dcd   Thumb Code    64  inv_mpu.o(i.mpu_get_gyro_fsr)
    mpu_get_gyro_sens                        0x08003e11   Thumb Code    58  inv_mpu.o(i.mpu_get_gyro_sens)
    mpu_get_lpf                              0x08003e61   Thumb Code    74  inv_mpu.o(i.mpu_get_lpf)
    mpu_get_sample_rate                      0x08003eb1   Thumb Code    26  inv_mpu.o(i.mpu_get_sample_rate)
    mpu_init                                 0x08003ed1   Thumb Code   396  inv_mpu.o(i.mpu_init)
    mpu_load_firmware                        0x08004061   Thumb Code   180  inv_mpu.o(i.mpu_load_firmware)
    mpu_lp_accel_mode                        0x08004119   Thumb Code   218  inv_mpu.o(i.mpu_lp_accel_mode)
    mpu_read_fifo_stream                     0x080041f9   Thumb Code   186  inv_mpu.o(i.mpu_read_fifo_stream)
    mpu_read_mem                             0x080042b9   Thumb Code   122  inv_mpu.o(i.mpu_read_mem)
    mpu_reset_fifo                           0x08004339   Thumb Code   450  inv_mpu.o(i.mpu_reset_fifo)
    mpu_run_self_test                        0x08004501   Thumb Code   278  inv_mpu.o(i.mpu_run_self_test)
    mpu_set_accel_fsr                        0x0800461d   Thumb Code   126  inv_mpu.o(i.mpu_set_accel_fsr)
    mpu_set_bypass                           0x080046a1   Thumb Code   328  inv_mpu.o(i.mpu_set_bypass)
    mpu_set_dmp_state                        0x080047ed   Thumb Code   138  inv_mpu.o(i.mpu_set_dmp_state)
    mpu_set_gyro_fsr                         0x0800487d   Thumb Code   132  inv_mpu.o(i.mpu_set_gyro_fsr)
    mpu_set_int_latched                      0x08004905   Thumb Code   102  inv_mpu.o(i.mpu_set_int_latched)
    mpu_set_lpf                              0x08004971   Thumb Code   126  inv_mpu.o(i.mpu_set_lpf)
    mpu_set_sample_rate                      0x080049f5   Thumb Code   152  inv_mpu.o(i.mpu_set_sample_rate)
    mpu_set_sensors                          0x08004a91   Thumb Code   202  inv_mpu.o(i.mpu_set_sensors)
    mpu_write_mem                            0x08004b61   Thumb Code   122  inv_mpu.o(i.mpu_write_mem)
    power                                    0x08004be1   Thumb Code    20  sys.o(i.power)
    run_self_test                            0x08004bf5   Thumb Code   148  inv_mpu.o(i.run_self_test)
    sqrt                                     0x08004d19   Thumb Code    76  sqrt.o(i.sqrt)
    __aeabi_d2f                              0x08004d65   Thumb Code     0  d2f.o(x$fpl$d2f)
    _d2f                                     0x08004d65   Thumb Code    98  d2f.o(x$fpl$d2f)
    __aeabi_dadd                             0x08004dc9   Thumb Code     0  daddsub_clz.o(x$fpl$dadd)
    _dadd                                    0x08004dc9   Thumb Code   332  daddsub_clz.o(x$fpl$dadd)
    __fpl_dcheck_NaN1                        0x08004f19   Thumb Code    10  dcheck1.o(x$fpl$dcheck1)
    __fpl_dcmp_Inf                           0x08004f29   Thumb Code    24  dcmpi.o(x$fpl$dcmpinf)
    __aeabi_ddiv                             0x08004f41   Thumb Code     0  ddiv.o(x$fpl$ddiv)
    _ddiv                                    0x08004f41   Thumb Code   552  ddiv.o(x$fpl$ddiv)
    __aeabi_cdcmple                          0x080051f1   Thumb Code     0  dleqf.o(x$fpl$dleqf)
    _dcmple                                  0x080051f1   Thumb Code   120  dleqf.o(x$fpl$dleqf)
    __fpl_dcmple_InfNaN                      0x08005253   Thumb Code     0  dleqf.o(x$fpl$dleqf)
    __aeabi_dmul                             0x08005269   Thumb Code     0  dmul.o(x$fpl$dmul)
    _dmul                                    0x08005269   Thumb Code   332  dmul.o(x$fpl$dmul)
    __fpl_dnaninf                            0x080053bd   Thumb Code   156  dnaninf.o(x$fpl$dnaninf)
    __fpl_dretinf                            0x08005459   Thumb Code    12  dretinf.o(x$fpl$dretinf)
    __aeabi_drsub                            0x08005465   Thumb Code     0  daddsub_clz.o(x$fpl$drsb)
    _drsb                                    0x08005465   Thumb Code    22  daddsub_clz.o(x$fpl$drsb)
    _dsqrt                                   0x0800547d   Thumb Code   456  dsqrt_noumaal.o(x$fpl$dsqrt)
    __aeabi_dsub                             0x08005649   Thumb Code     0  daddsub_clz.o(x$fpl$dsub)
    _dsub                                    0x08005649   Thumb Code   464  daddsub_clz.o(x$fpl$dsub)
    __aeabi_f2d                              0x0800581d   Thumb Code     0  f2d.o(x$fpl$f2d)
    _f2d                                     0x0800581d   Thumb Code    86  f2d.o(x$fpl$f2d)
    __aeabi_fadd                             0x08005875   Thumb Code     0  faddsub_clz.o(x$fpl$fadd)
    _fadd                                    0x08005875   Thumb Code   196  faddsub_clz.o(x$fpl$fadd)
    __fpl_fcmp_Inf                           0x08005939   Thumb Code    24  fcmpi.o(x$fpl$fcmpinf)
    __aeabi_fdiv                             0x08005951   Thumb Code     0  fdiv.o(x$fpl$fdiv)
    _fdiv                                    0x08005951   Thumb Code   384  fdiv.o(x$fpl$fdiv)
    __aeabi_cfcmpeq                          0x08005ad5   Thumb Code     0  feqf.o(x$fpl$feqf)
    _fcmpeq                                  0x08005ad5   Thumb Code   104  feqf.o(x$fpl$feqf)
    __aeabi_f2iz                             0x08005b3d   Thumb Code     0  ffix.o(x$fpl$ffix)
    _ffix                                    0x08005b3d   Thumb Code    54  ffix.o(x$fpl$ffix)
    __aeabi_f2uiz                            0x08005b75   Thumb Code     0  ffixu.o(x$fpl$ffixu)
    _ffixu                                   0x08005b75   Thumb Code    62  ffixu.o(x$fpl$ffixu)
    __aeabi_i2f                              0x08005bb5   Thumb Code     0  fflt_clz.o(x$fpl$fflt)
    _fflt                                    0x08005bb5   Thumb Code    48  fflt_clz.o(x$fpl$fflt)
    __aeabi_ui2f                             0x08005be5   Thumb Code     0  fflt_clz.o(x$fpl$ffltu)
    _ffltu                                   0x08005be5   Thumb Code    38  fflt_clz.o(x$fpl$ffltu)
    __aeabi_cfcmple                          0x08005c0d   Thumb Code     0  fleqf.o(x$fpl$fleqf)
    _fcmple                                  0x08005c0d   Thumb Code   104  fleqf.o(x$fpl$fleqf)
    __fpl_fcmple_InfNaN                      0x08005c5f   Thumb Code     0  fleqf.o(x$fpl$fleqf)
    __aeabi_fmul                             0x08005c75   Thumb Code     0  fmul.o(x$fpl$fmul)
    _fmul                                    0x08005c75   Thumb Code   258  fmul.o(x$fpl$fmul)
    __fpl_fnaninf                            0x08005d77   Thumb Code   140  fnaninf.o(x$fpl$fnaninf)
    __fpl_fretinf                            0x08005e03   Thumb Code    10  fretinf.o(x$fpl$fretinf)
    __aeabi_cfrcmple                         0x08005e0d   Thumb Code     0  frleqf.o(x$fpl$frleqf)
    _frcmple                                 0x08005e0d   Thumb Code    98  frleqf.o(x$fpl$frleqf)
    __aeabi_fsub                             0x08005e71   Thumb Code     0  faddsub_clz.o(x$fpl$fsub)
    _fsub                                    0x08005e71   Thumb Code   234  faddsub_clz.o(x$fpl$fsub)
    __fpl_return_NaN                         0x08005f5b   Thumb Code   100  retnan.o(x$fpl$retnan)
    __ARM_scalbn                             0x08005fbf   Thumb Code    92  scalbn.o(x$fpl$scalbn)
    __fpl_cmpreturn                          0x0800601b   Thumb Code    48  trapv.o(x$fpl$trapveneer)
    __I$use$fp                               0x0800604a   Number         0  usenofp.o(x$fpl$usenofp)
    hw                                       0x0800604c   Data          12  inv_mpu.o(.constdata)
    reg                                      0x08006058   Data          27  inv_mpu.o(.constdata)
    test                                     0x08006074   Data          40  inv_mpu.o(.constdata)
    __mathlib_zero                           0x08006d80   Data           8  qnan.o(.constdata)
    Region$$Table$$Base                      0x08006d88   Number         0  anon$$obj.o(Region$$Table)
    Region$$Table$$Limit                     0x08006da8   Number         0  anon$$obj.o(Region$$Table)
    Serial_TxPacket                          0x20000014   Data           4  serial.o(.data)
    Serial_RxPacket                          0x20000018   Data           4  serial.o(.data)
    Serial_RxFlag                            0x2000001c   Data           1  serial.o(.data)
    Pitch                                    0x20000058   Data           4  main.o(.data)
    Roll                                     0x2000005c   Data           4  main.o(.data)
    Yaw                                      0x20000060   Data           4  main.o(.data)
    ax                                       0x20000064   Data           2  main.o(.data)
    ay                                       0x20000066   Data           2  main.o(.data)
    az                                       0x20000068   Data           2  main.o(.data)
    gx                                       0x2000006a   Data           2  main.o(.data)
    gy                                       0x2000006c   Data           2  main.o(.data)
    gz                                       0x2000006e   Data           2  main.o(.data)
    Buf                                      0x20000070   Data           4  main.o(.data)
    BAT_Value                                0x20000074   Data           4  main.o(.data)
    bat_flag                                 0x20000078   Data           1  main.o(.data)
    Key_Num                                  0x20000079   Data           1  main.o(.data)
    Key_SendFlag                             0x2000007a   Data           1  main.o(.data)
    Mode_Flag                                0x2000007b   Data           1  main.o(.data)
    key_delay_falg                           0x2000007c   Data           1  main.o(.data)
    angel_pitch                              0x20000080   Data           4  main.o(.data)
    angel_roll                               0x20000084   Data           4  main.o(.data)
    angel_yaw                                0x20000088   Data           4  main.o(.data)
    i                                        0x2000008c   Data           1  main.o(.data)
    mouse_x                                  0x2000008e   Data           1  main.o(.data)
    mouse_y                                  0x2000008f   Data           1  main.o(.data)
    __libspace_start                         0x200000a8   Data          96  libspace.o(.bss)
    __temporary_stack_top$libspace           0x20000108   Data           0  libspace.o(.bss)



==============================================================================

Memory Map of the image

  Image Entry point : 0x080000ed

  Load Region LR_IROM1 (Base: 0x08000000, Size: 0x00006e40, Max: 0x00010000, ABSOLUTE)

    Execution Region ER_IROM1 (Exec base: 0x08000000, Load base: 0x08000000, Size: 0x00006da8, Max: 0x00010000, ABSOLUTE)

    Exec Addr    Load Addr    Size         Type   Attr      Idx    E Section Name        Object

    0x08000000   0x08000000   0x000000ec   Data   RO            3    RESET               startup_stm32f10x_md.o
    0x080000ec   0x080000ec   0x00000008   Code   RO         4330  * !!!main             c_w.l(__main.o)
    0x080000f4   0x080000f4   0x00000034   Code   RO         4805    !!!scatter          c_w.l(__scatter.o)
    0x08000128   0x08000128   0x0000001a   Code   RO         4807    !!handler_copy      c_w.l(__scatter_copy.o)
    0x08000142   0x08000142   0x00000002   PAD
    0x08000144   0x08000144   0x0000001c   Code   RO         4809    !!handler_zi        c_w.l(__scatter_zi.o)
    0x08000160   0x08000160   0x00000002   Code   RO         4663    .ARM.Collect$$libinit$$00000000  c_w.l(libinit.o)
    0x08000162   0x08000162   0x00000000   Code   RO         4680    .ARM.Collect$$libinit$$00000002  c_w.l(libinit2.o)
    0x08000162   0x08000162   0x00000000   Code   RO         4682    .ARM.Collect$$libinit$$00000004  c_w.l(libinit2.o)
    0x08000162   0x08000162   0x00000000   Code   RO         4685    .ARM.Collect$$libinit$$0000000A  c_w.l(libinit2.o)
    0x08000162   0x08000162   0x00000000   Code   RO         4687    .ARM.Collect$$libinit$$0000000C  c_w.l(libinit2.o)
    0x08000162   0x08000162   0x00000000   Code   RO         4689    .ARM.Collect$$libinit$$0000000E  c_w.l(libinit2.o)
    0x08000162   0x08000162   0x00000000   Code   RO         4692    .ARM.Collect$$libinit$$00000011  c_w.l(libinit2.o)
    0x08000162   0x08000162   0x00000000   Code   RO         4694    .ARM.Collect$$libinit$$00000013  c_w.l(libinit2.o)
    0x08000162   0x08000162   0x00000000   Code   RO         4696    .ARM.Collect$$libinit$$00000015  c_w.l(libinit2.o)
    0x08000162   0x08000162   0x00000000   Code   RO         4698    .ARM.Collect$$libinit$$00000017  c_w.l(libinit2.o)
    0x08000162   0x08000162   0x00000000   Code   RO         4700    .ARM.Collect$$libinit$$00000019  c_w.l(libinit2.o)
    0x08000162   0x08000162   0x00000000   Code   RO         4702    .ARM.Collect$$libinit$$0000001B  c_w.l(libinit2.o)
    0x08000162   0x08000162   0x00000000   Code   RO         4704    .ARM.Collect$$libinit$$0000001D  c_w.l(libinit2.o)
    0x08000162   0x08000162   0x00000000   Code   RO         4706    .ARM.Collect$$libinit$$0000001F  c_w.l(libinit2.o)
    0x08000162   0x08000162   0x00000000   Code   RO         4708    .ARM.Collect$$libinit$$00000021  c_w.l(libinit2.o)
    0x08000162   0x08000162   0x00000000   Code   RO         4710    .ARM.Collect$$libinit$$00000023  c_w.l(libinit2.o)
    0x08000162   0x08000162   0x00000000   Code   RO         4712    .ARM.Collect$$libinit$$00000025  c_w.l(libinit2.o)
    0x08000162   0x08000162   0x00000000   Code   RO         4716    .ARM.Collect$$libinit$$0000002C  c_w.l(libinit2.o)
    0x08000162   0x08000162   0x00000000   Code   RO         4718    .ARM.Collect$$libinit$$0000002E  c_w.l(libinit2.o)
    0x08000162   0x08000162   0x00000000   Code   RO         4720    .ARM.Collect$$libinit$$00000030  c_w.l(libinit2.o)
    0x08000162   0x08000162   0x00000000   Code   RO         4722    .ARM.Collect$$libinit$$00000032  c_w.l(libinit2.o)
    0x08000162   0x08000162   0x00000002   Code   RO         4723    .ARM.Collect$$libinit$$00000033  c_w.l(libinit2.o)
    0x08000164   0x08000164   0x00000002   Code   RO         4755    .ARM.Collect$$libshutdown$$00000000  c_w.l(libshutdown.o)
    0x08000166   0x08000166   0x00000000   Code   RO         4772    .ARM.Collect$$libshutdown$$00000002  c_w.l(libshutdown2.o)
    0x08000166   0x08000166   0x00000000   Code   RO         4774    .ARM.Collect$$libshutdown$$00000004  c_w.l(libshutdown2.o)
    0x08000166   0x08000166   0x00000000   Code   RO         4777    .ARM.Collect$$libshutdown$$00000007  c_w.l(libshutdown2.o)
    0x08000166   0x08000166   0x00000000   Code   RO         4780    .ARM.Collect$$libshutdown$$0000000A  c_w.l(libshutdown2.o)
    0x08000166   0x08000166   0x00000000   Code   RO         4782    .ARM.Collect$$libshutdown$$0000000C  c_w.l(libshutdown2.o)
    0x08000166   0x08000166   0x00000000   Code   RO         4785    .ARM.Collect$$libshutdown$$0000000F  c_w.l(libshutdown2.o)
    0x08000166   0x08000166   0x00000002   Code   RO         4786    .ARM.Collect$$libshutdown$$00000010  c_w.l(libshutdown2.o)
    0x08000168   0x08000168   0x00000000   Code   RO         4406    .ARM.Collect$$rtentry$$00000000  c_w.l(__rtentry.o)
    0x08000168   0x08000168   0x00000000   Code   RO         4565    .ARM.Collect$$rtentry$$00000002  c_w.l(__rtentry2.o)
    0x08000168   0x08000168   0x00000006   Code   RO         4577    .ARM.Collect$$rtentry$$00000004  c_w.l(__rtentry4.o)
    0x0800016e   0x0800016e   0x00000000   Code   RO         4567    .ARM.Collect$$rtentry$$00000009  c_w.l(__rtentry2.o)
    0x0800016e   0x0800016e   0x00000004   Code   RO         4568    .ARM.Collect$$rtentry$$0000000A  c_w.l(__rtentry2.o)
    0x08000172   0x08000172   0x00000000   Code   RO         4570    .ARM.Collect$$rtentry$$0000000C  c_w.l(__rtentry2.o)
    0x08000172   0x08000172   0x00000008   Code   RO         4571    .ARM.Collect$$rtentry$$0000000D  c_w.l(__rtentry2.o)
    0x0800017a   0x0800017a   0x00000002   Code   RO         4668    .ARM.Collect$$rtexit$$00000000  c_w.l(rtexit.o)
    0x0800017c   0x0800017c   0x00000000   Code   RO         4727    .ARM.Collect$$rtexit$$00000002  c_w.l(rtexit2.o)
    0x0800017c   0x0800017c   0x00000004   Code   RO         4728    .ARM.Collect$$rtexit$$00000003  c_w.l(rtexit2.o)
    0x08000180   0x08000180   0x00000006   Code   RO         4729    .ARM.Collect$$rtexit$$00000004  c_w.l(rtexit2.o)
    0x08000186   0x08000186   0x00000002   PAD
    0x08000188   0x08000188   0x00000040   Code   RO            4    .text               startup_stm32f10x_md.o
    0x080001c8   0x080001c8   0x00000048   Code   RO         4320    .text               c_w.l(llsdiv.o)
    0x08000210   0x08000210   0x00000058   Code   RO         4324    .text               c_w.l(memcmp.o)
    0x08000268   0x08000268   0x00000010   Code   RO         4326    .text               c_w.l(aeabi_memset.o)
    0x08000278   0x08000278   0x00000006   Code   RO         4328    .text               c_w.l(heapauxi.o)
    0x0800027e   0x0800027e   0x000000ee   Code   RO         4407    .text               c_w.l(lludivv7m.o)
    0x0800036c   0x0800036c   0x00000016   Code   RO         4409    .text               c_w.l(_rserrno.o)
    0x08000382   0x08000382   0x00000044   Code   RO         4502    .text               c_w.l(rt_memclr.o)
    0x080003c6   0x080003c6   0x00000002   PAD
    0x080003c8   0x080003c8   0x00000008   Code   RO         4586    .text               c_w.l(rt_errno_addr_intlibspace.o)
    0x080003d0   0x080003d0   0x0000004e   Code   RO         4606    .text               c_w.l(rt_memclr_w.o)
    0x0800041e   0x0800041e   0x00000002   PAD
    0x08000420   0x08000420   0x00000008   Code   RO         4612    .text               c_w.l(libspace.o)
    0x08000428   0x08000428   0x0000004a   Code   RO         4615    .text               c_w.l(sys_stackheap_outer.o)
    0x08000472   0x08000472   0x00000012   Code   RO         4656    .text               c_w.l(exit.o)
    0x08000484   0x08000484   0x0000000c   Code   RO         4743    .text               c_w.l(sys_exit.o)
    0x08000490   0x08000490   0x00000002   Code   RO         4760    .text               c_w.l(use_no_semi.o)
    0x08000492   0x08000492   0x00000000   Code   RO         4762    .text               c_w.l(indicate_semi.o)
    0x08000492   0x08000492   0x00000016   Code   RO          202    i.ADC_Cmd           stm32f10x_adc.o
    0x080004a8   0x080004a8   0x00000014   Code   RO          210    i.ADC_GetCalibrationStatus  stm32f10x_adc.o
    0x080004bc   0x080004bc   0x00000008   Code   RO          211    i.ADC_GetConversionValue  stm32f10x_adc.o
    0x080004c4   0x080004c4   0x00000012   Code   RO          213    i.ADC_GetFlagStatus  stm32f10x_adc.o
    0x080004d6   0x080004d6   0x00000014   Code   RO          216    i.ADC_GetResetCalibrationStatus  stm32f10x_adc.o
    0x080004ea   0x080004ea   0x00000002   PAD
    0x080004ec   0x080004ec   0x00000050   Code   RO          220    i.ADC_Init          stm32f10x_adc.o
    0x0800053c   0x0800053c   0x000000b8   Code   RO          224    i.ADC_RegularChannelConfig  stm32f10x_adc.o
    0x080005f4   0x080005f4   0x0000000a   Code   RO          225    i.ADC_ResetCalibration  stm32f10x_adc.o
    0x080005fe   0x080005fe   0x00000016   Code   RO          227    i.ADC_SoftwareStartConvCmd  stm32f10x_adc.o
    0x08000614   0x08000614   0x0000000a   Code   RO          229    i.ADC_StartCalibration  stm32f10x_adc.o
    0x0800061e   0x0800061e   0x00000002   PAD
    0x08000620   0x08000620   0x00000024   Code   RO         3410    i.AD_GetValue       ad.o
    0x08000644   0x08000644   0x000000a0   Code   RO         3411    i.AD_Init           ad.o
    0x080006e4   0x080006e4   0x00000128   Code   RO         4188    i.AirMouse_Update   main.o
    0x0800080c   0x0800080c   0x0000001c   Code   RO         3310    i.Bat_LED_Show      led.o
    0x08000828   0x08000828   0x00000004   Code   RO         4255    i.BusFault_Handler  stm32f10x_it.o
    0x0800082c   0x0800082c   0x00000002   Code   RO         4256    i.DebugMon_Handler  stm32f10x_it.o
    0x0800082e   0x0800082e   0x00000018   Code   RO         3196    i.Delay_ms          delay.o
    0x08000846   0x08000846   0x0000002e   Code   RO         3198    i.Delay_us          delay.o
    0x08000874   0x08000874   0x00000026   Code   RO         3364    i.EXTI1_IRQHandler  key.o
    0x0800089a   0x0800089a   0x00000026   Code   RO         3365    i.EXTI2_IRQHandler  key.o
    0x080008c0   0x080008c0   0x00000026   Code   RO         3366    i.EXTI3_IRQHandler  key.o
    0x080008e6   0x080008e6   0x00000002   PAD
    0x080008e8   0x080008e8   0x0000000c   Code   RO          985    i.EXTI_ClearITPendingBit  stm32f10x_exti.o
    0x080008f4   0x080008f4   0x00000028   Code   RO          989    i.EXTI_GetITStatus  stm32f10x_exti.o
    0x0800091c   0x0800091c   0x00000094   Code   RO          990    i.EXTI_Init         stm32f10x_exti.o
    0x080009b0   0x080009b0   0x0000001c   Code   RO         3434    i.Encoder_Get       encoder.o
    0x080009cc   0x080009cc   0x000000a0   Code   RO         3435    i.Encoder_Init      encoder.o
    0x08000a6c   0x08000a6c   0x00000040   Code   RO         1344    i.GPIO_EXTILineConfig  stm32f10x_gpio.o
    0x08000aac   0x08000aac   0x00000116   Code   RO         1347    i.GPIO_Init         stm32f10x_gpio.o
    0x08000bc2   0x08000bc2   0x00000012   Code   RO         1351    i.GPIO_ReadInputDataBit  stm32f10x_gpio.o
    0x08000bd4   0x08000bd4   0x00000004   Code   RO         1354    i.GPIO_ResetBits    stm32f10x_gpio.o
    0x08000bd8   0x08000bd8   0x00000004   Code   RO         1355    i.GPIO_SetBits      stm32f10x_gpio.o
    0x08000bdc   0x08000bdc   0x00000004   Code   RO         4257    i.HardFault_Handler  stm32f10x_it.o
    0x08000be0   0x08000be0   0x000000bc   Code   RO         3367    i.Key_Init          key.o
    0x08000c9c   0x08000c9c   0x00000014   Code   RO         3311    i.LED1_OFF          led.o
    0x08000cb0   0x08000cb0   0x00000014   Code   RO         3312    i.LED1_ON           led.o
    0x08000cc4   0x08000cc4   0x00000014   Code   RO         3314    i.LED2_OFF          led.o
    0x08000cd8   0x08000cd8   0x00000014   Code   RO         3315    i.LED2_ON           led.o
    0x08000cec   0x08000cec   0x0000002c   Code   RO         3317    i.LED_Init          led.o
    0x08000d18   0x08000d18   0x00000224   Code   RO         3528    i.MPU6050_DMP_Get_Data  inv_mpu.o
    0x08000f3c   0x08000f3c   0x00000050   Code   RO         3529    i.MPU6050_DMP_Init  inv_mpu.o
    0x08000f8c   0x08000f8c   0x0000002c   Code   RO         4128    i.MPU6050_IIC_IO_Init  mpu6050_i2c.o
    0x08000fb8   0x08000fb8   0x00000050   Code   RO         4129    i.MPU6050_IIC_Read_Ack  mpu6050_i2c.o
    0x08001008   0x08001008   0x00000060   Code   RO         4130    i.MPU6050_IIC_Read_Byte  mpu6050_i2c.o
    0x08001068   0x08001068   0x00000018   Code   RO         4131    i.MPU6050_IIC_SDA_IO_IN  mpu6050_i2c.o
    0x08001080   0x08001080   0x00000018   Code   RO         4132    i.MPU6050_IIC_SDA_IO_OUT  mpu6050_i2c.o
    0x08001098   0x08001098   0x00000038   Code   RO         4133    i.MPU6050_IIC_Send_Ack  mpu6050_i2c.o
    0x080010d0   0x080010d0   0x00000064   Code   RO         4134    i.MPU6050_IIC_Send_Byte  mpu6050_i2c.o
    0x08001134   0x08001134   0x00000038   Code   RO         4135    i.MPU6050_IIC_Start  mpu6050_i2c.o
    0x0800116c   0x0800116c   0x0000003c   Code   RO         4136    i.MPU6050_IIC_Stop  mpu6050_i2c.o
    0x080011a8   0x080011a8   0x00000072   Code   RO         4050    i.MPU6050_Init      mpu6050.o
    0x0800121a   0x0800121a   0x00000012   Code   RO         4054    i.MPU_Set_Accel_Fsr  mpu6050.o
    0x0800122c   0x0800122c   0x00000012   Code   RO         4055    i.MPU_Set_Gyro_Fsr  mpu6050.o
    0x0800123e   0x0800123e   0x0000003c   Code   RO         4056    i.MPU_Set_LPF       mpu6050.o
    0x0800127a   0x0800127a   0x00000038   Code   RO         4057    i.MPU_Set_Rate      mpu6050.o
    0x080012b2   0x080012b2   0x00000004   Code   RO         4258    i.MemManage_Handler  stm32f10x_it.o
    0x080012b6   0x080012b6   0x00000002   PAD
    0x080012b8   0x080012b8   0x000000b0   Code   RO         3241    i.My_GPIO_Init      sys.o
    0x08001368   0x08001368   0x00000002   Code   RO         4259    i.NMI_Handler       stm32f10x_it.o
    0x0800136a   0x0800136a   0x00000002   PAD
    0x0800136c   0x0800136c   0x00000070   Code   RO          137    i.NVIC_Init         misc.o
    0x080013dc   0x080013dc   0x00000014   Code   RO          138    i.NVIC_PriorityGroupConfig  misc.o
    0x080013f0   0x080013f0   0x00000002   Code   RO         4260    i.PendSV_Handler    stm32f10x_it.o
    0x080013f2   0x080013f2   0x00000002   PAD
    0x080013f4   0x080013f4   0x00000018   Code   RO         1773    i.RCC_ADCCLKConfig  stm32f10x_rcc.o
    0x0800140c   0x0800140c   0x00000020   Code   RO         1775    i.RCC_APB1PeriphClockCmd  stm32f10x_rcc.o
    0x0800142c   0x0800142c   0x00000020   Code   RO         1777    i.RCC_APB2PeriphClockCmd  stm32f10x_rcc.o
    0x0800144c   0x0800144c   0x000000d4   Code   RO         1785    i.RCC_GetClocksFreq  stm32f10x_rcc.o
    0x08001520   0x08001520   0x00000002   Code   RO         4261    i.SVC_Handler       stm32f10x_it.o
    0x08001522   0x08001522   0x00000002   PAD
    0x08001524   0x08001524   0x00000088   Code   RO         3453    i.Serial_Init       serial.o
    0x080015ac   0x080015ac   0x0000001a   Code   RO         3456    i.Serial_SendArray  serial.o
    0x080015c6   0x080015c6   0x00000002   PAD
    0x080015c8   0x080015c8   0x00000020   Code   RO         3457    i.Serial_SendByte   serial.o
    0x080015e8   0x080015e8   0x0000001c   Code   RO         3459    i.Serial_SendPacket  serial.o
    0x08001604   0x08001604   0x00000008   Code   RO           24    i.SetSysClock       system_stm32f10x.o
    0x0800160c   0x0800160c   0x000000e0   Code   RO           25    i.SetSysClockTo72   system_stm32f10x.o
    0x080016ec   0x080016ec   0x00000002   Code   RO         4262    i.SysTick_Handler   stm32f10x_it.o
    0x080016ee   0x080016ee   0x00000002   PAD
    0x080016f0   0x080016f0   0x00000060   Code   RO           27    i.SystemInit        system_stm32f10x.o
    0x08001750   0x08001750   0x00000080   Code   RO         2405    i.TI1_Config        stm32f10x_tim.o
    0x080017d0   0x080017d0   0x00000098   Code   RO         2406    i.TI2_Config        stm32f10x_tim.o
    0x08001868   0x08001868   0x00000090   Code   RO         2407    i.TI3_Config        stm32f10x_tim.o
    0x080018f8   0x080018f8   0x00000098   Code   RO         2408    i.TI4_Config        stm32f10x_tim.o
    0x08001990   0x08001990   0x00000084   Code   RO         4189    i.TIM1_Init         main.o
    0x08001a14   0x08001a14   0x00000030   Code   RO         4190    i.TIM1_UP_IRQHandler  main.o
    0x08001a44   0x08001a44   0x00000074   Code   RO         3368    i.TIM2_IRQHandler   key.o
    0x08001ab8   0x08001ab8   0x00000078   Code   RO         3369    i.TIM2_Init         key.o
    0x08001b30   0x08001b30   0x0000002c   Code   RO         4191    i.TIM4_IRQHandler   main.o
    0x08001b5c   0x08001b5c   0x00000080   Code   RO         3412    i.TIM4_Init         ad.o
    0x08001bdc   0x08001bdc   0x00000006   Code   RO         2415    i.TIM_ClearFlag     stm32f10x_tim.o
    0x08001be2   0x08001be2   0x00000006   Code   RO         2416    i.TIM_ClearITPendingBit  stm32f10x_tim.o
    0x08001be8   0x08001be8   0x00000018   Code   RO         2421    i.TIM_Cmd           stm32f10x_tim.o
    0x08001c00   0x08001c00   0x00000042   Code   RO         2430    i.TIM_EncoderInterfaceConfig  stm32f10x_tim.o
    0x08001c42   0x08001c42   0x00000006   Code   RO         2440    i.TIM_GetCounter    stm32f10x_tim.o
    0x08001c48   0x08001c48   0x00000022   Code   RO         2442    i.TIM_GetITStatus   stm32f10x_tim.o
    0x08001c6a   0x08001c6a   0x00000002   PAD
    0x08001c6c   0x08001c6c   0x000000ac   Code   RO         2444    i.TIM_ICInit        stm32f10x_tim.o
    0x08001d18   0x08001d18   0x00000012   Code   RO         2445    i.TIM_ICStructInit  stm32f10x_tim.o
    0x08001d2a   0x08001d2a   0x00000012   Code   RO         2446    i.TIM_ITConfig      stm32f10x_tim.o
    0x08001d3c   0x08001d3c   0x00000004   Code   RO         2486    i.TIM_SetCounter    stm32f10x_tim.o
    0x08001d40   0x08001d40   0x00000012   Code   RO         2487    i.TIM_SetIC1Prescaler  stm32f10x_tim.o
    0x08001d52   0x08001d52   0x0000001a   Code   RO         2488    i.TIM_SetIC2Prescaler  stm32f10x_tim.o
    0x08001d6c   0x08001d6c   0x00000012   Code   RO         2489    i.TIM_SetIC3Prescaler  stm32f10x_tim.o
    0x08001d7e   0x08001d7e   0x0000001a   Code   RO         2490    i.TIM_SetIC4Prescaler  stm32f10x_tim.o
    0x08001d98   0x08001d98   0x000000a4   Code   RO         2492    i.TIM_TimeBaseInit  stm32f10x_tim.o
    0x08001e3c   0x08001e3c   0x00000018   Code   RO         2960    i.USART_Cmd         stm32f10x_usart.o
    0x08001e54   0x08001e54   0x0000001a   Code   RO         2963    i.USART_GetFlagStatus  stm32f10x_usart.o
    0x08001e6e   0x08001e6e   0x00000002   PAD
    0x08001e70   0x08001e70   0x000000d8   Code   RO         2967    i.USART_Init        stm32f10x_usart.o
    0x08001f48   0x08001f48   0x00000008   Code   RO         2977    i.USART_SendData    stm32f10x_usart.o
    0x08001f50   0x08001f50   0x00000004   Code   RO         4263    i.UsageFault_Handler  stm32f10x_it.o
    0x08001f54   0x08001f54   0x00000028   Code   RO         4551    i.__ARM_fpclassify  m_ws.l(fpclassify.o)
    0x08001f7c   0x08001f7c   0x000000aa   Code   RO         4553    i.__kernel_poly     m_ws.l(poly.o)
    0x08002026   0x08002026   0x00000006   Code   RO         4538    i.__mathlib_dbl_infnan  m_ws.l(dunder.o)
    0x0800202c   0x0800202c   0x00000004   Code   RO         4539    i.__mathlib_dbl_infnan2  m_ws.l(dunder.o)
    0x08002030   0x08002030   0x0000000c   Code   RO         4540    i.__mathlib_dbl_invalid  m_ws.l(dunder.o)
    0x0800203c   0x0800203c   0x00000010   Code   RO         4543    i.__mathlib_dbl_underflow  m_ws.l(dunder.o)
    0x0800204c   0x0800204c   0x000000a8   Code   RO         3530    i.accel_self_test   inv_mpu.o
    0x080020f4   0x080020f4   0x00000270   Code   RO         4389    i.asin              m_ws.l(asin.o)
    0x08002364   0x08002364   0x00000220   Code   RO         4528    i.atan              m_ws.l(atan.o)
    0x08002584   0x08002584   0x00000180   Code   RO         4399    i.atan2             m_ws.l(atan2.o)
    0x08002704   0x08002704   0x00000064   Code   RO         3870    i.decode_gesture    inv_mpu_dmp_motion_driver.o
    0x08002768   0x08002768   0x0000000c   Code   RO         3201    i.delay_us          delay.o
    0x08002774   0x08002774   0x0000003c   Code   RO         3871    i.dmp_enable_6x_lp_quat  inv_mpu_dmp_motion_driver.o
    0x080027b0   0x080027b0   0x0000021c   Code   RO         3872    i.dmp_enable_feature  inv_mpu_dmp_motion_driver.o
    0x080029cc   0x080029cc   0x00000058   Code   RO         3873    i.dmp_enable_gyro_cal  inv_mpu_dmp_motion_driver.o
    0x08002a24   0x08002a24   0x0000003c   Code   RO         3874    i.dmp_enable_lp_quat  inv_mpu_dmp_motion_driver.o
    0x08002a60   0x08002a60   0x00000018   Code   RO         3879    i.dmp_load_motion_driver_firmware  inv_mpu_dmp_motion_driver.o
    0x08002a78   0x08002a78   0x000001c8   Code   RO         3880    i.dmp_read_fifo     inv_mpu_dmp_motion_driver.o
    0x08002c40   0x08002c40   0x00000130   Code   RO         3883    i.dmp_set_accel_bias  inv_mpu_dmp_motion_driver.o
    0x08002d70   0x08002d70   0x00000070   Code   RO         3884    i.dmp_set_fifo_rate  inv_mpu_dmp_motion_driver.o
    0x08002de0   0x08002de0   0x00000130   Code   RO         3885    i.dmp_set_gyro_bias  inv_mpu_dmp_motion_driver.o
    0x08002f10   0x08002f10   0x00000138   Code   RO         3887    i.dmp_set_orientation  inv_mpu_dmp_motion_driver.o
    0x08003048   0x08003048   0x00000038   Code   RO         3890    i.dmp_set_shake_reject_thresh  inv_mpu_dmp_motion_driver.o
    0x08003080   0x08003080   0x00000026   Code   RO         3891    i.dmp_set_shake_reject_time  inv_mpu_dmp_motion_driver.o
    0x080030a6   0x080030a6   0x00000026   Code   RO         3892    i.dmp_set_shake_reject_timeout  inv_mpu_dmp_motion_driver.o
    0x080030cc   0x080030cc   0x00000046   Code   RO         3893    i.dmp_set_tap_axes  inv_mpu_dmp_motion_driver.o
    0x08003112   0x08003112   0x00000026   Code   RO         3894    i.dmp_set_tap_count  inv_mpu_dmp_motion_driver.o
    0x08003138   0x08003138   0x000001a0   Code   RO         3895    i.dmp_set_tap_thresh  inv_mpu_dmp_motion_driver.o
    0x080032d8   0x080032d8   0x00000026   Code   RO         3896    i.dmp_set_tap_time  inv_mpu_dmp_motion_driver.o
    0x080032fe   0x080032fe   0x00000026   Code   RO         3897    i.dmp_set_tap_time_multi  inv_mpu_dmp_motion_driver.o
    0x08003324   0x08003324   0x000000b4   Code   RO         3531    i.get_accel_prod_shift  inv_mpu.o
    0x080033d8   0x080033d8   0x00000470   Code   RO         3533    i.get_st_biases     inv_mpu.o
    0x08003848   0x08003848   0x00000110   Code   RO         3534    i.gyro_self_test    inv_mpu.o
    0x08003958   0x08003958   0x00000028   Code   RO         3535    i.inv_orientation_matrix_to_scalar  inv_mpu.o
    0x08003980   0x08003980   0x0000004e   Code   RO         3536    i.inv_row_2_scale   inv_mpu.o
    0x080039ce   0x080039ce   0x00000002   PAD
    0x080039d0   0x080039d0   0x00000214   Code   RO         4192    i.main              main.o
    0x08003be4   0x08003be4   0x0000005c   Code   RO         4058    i.mpu6050_read      mpu6050.o
    0x08003c40   0x08003c40   0x00000016   Code   RO         4059    i.mpu6050_read_reg  mpu6050.o
    0x08003c56   0x08003c56   0x00000044   Code   RO         4060    i.mpu6050_write     mpu6050.o
    0x08003c9a   0x08003c9a   0x00000012   Code   RO         4061    i.mpu6050_write_reg  mpu6050.o
    0x08003cac   0x08003cac   0x00000070   Code   RO         3537    i.mpu_configure_fifo  inv_mpu.o
    0x08003d1c   0x08003d1c   0x0000004c   Code   RO         3538    i.mpu_get_accel_fsr  inv_mpu.o
    0x08003d68   0x08003d68   0x00000054   Code   RO         3540    i.mpu_get_accel_sens  inv_mpu.o
    0x08003dbc   0x08003dbc   0x00000010   Code   RO         3545    i.mpu_get_fifo_config  inv_mpu.o
    0x08003dcc   0x08003dcc   0x00000044   Code   RO         3546    i.mpu_get_gyro_fsr  inv_mpu.o
    0x08003e10   0x08003e10   0x00000050   Code   RO         3548    i.mpu_get_gyro_sens  inv_mpu.o
    0x08003e60   0x08003e60   0x00000050   Code   RO         3550    i.mpu_get_lpf       inv_mpu.o
    0x08003eb0   0x08003eb0   0x00000020   Code   RO         3552    i.mpu_get_sample_rate  inv_mpu.o
    0x08003ed0   0x08003ed0   0x00000190   Code   RO         3554    i.mpu_init          inv_mpu.o
    0x08004060   0x08004060   0x000000b8   Code   RO         3555    i.mpu_load_firmware  inv_mpu.o
    0x08004118   0x08004118   0x000000e0   Code   RO         3556    i.mpu_lp_accel_mode  inv_mpu.o
    0x080041f8   0x080041f8   0x000000c0   Code   RO         3559    i.mpu_read_fifo_stream  inv_mpu.o
    0x080042b8   0x080042b8   0x00000080   Code   RO         3560    i.mpu_read_mem      inv_mpu.o
    0x08004338   0x08004338   0x000001c8   Code   RO         3563    i.mpu_reset_fifo    inv_mpu.o
    0x08004500   0x08004500   0x0000011c   Code   RO         3564    i.mpu_run_self_test  inv_mpu.o
    0x0800461c   0x0800461c   0x00000084   Code   RO         3566    i.mpu_set_accel_fsr  inv_mpu.o
    0x080046a0   0x080046a0   0x0000014c   Code   RO         3567    i.mpu_set_bypass    inv_mpu.o
    0x080047ec   0x080047ec   0x00000090   Code   RO         3569    i.mpu_set_dmp_state  inv_mpu.o
    0x0800487c   0x0800487c   0x00000088   Code   RO         3570    i.mpu_set_gyro_fsr  inv_mpu.o
    0x08004904   0x08004904   0x0000006c   Code   RO         3571    i.mpu_set_int_latched  inv_mpu.o
    0x08004970   0x08004970   0x00000084   Code   RO         3573    i.mpu_set_lpf       inv_mpu.o
    0x080049f4   0x080049f4   0x0000009c   Code   RO         3574    i.mpu_set_sample_rate  inv_mpu.o
    0x08004a90   0x08004a90   0x000000d0   Code   RO         3575    i.mpu_set_sensors   inv_mpu.o
    0x08004b60   0x08004b60   0x00000080   Code   RO         3576    i.mpu_write_mem     inv_mpu.o
    0x08004be0   0x08004be0   0x00000014   Code   RO         3244    i.power             sys.o
    0x08004bf4   0x08004bf4   0x00000094   Code   RO         3577    i.run_self_test     inv_mpu.o
    0x08004c88   0x08004c88   0x00000090   Code   RO         3578    i.set_int_enable    inv_mpu.o
    0x08004d18   0x08004d18   0x0000004c   Code   RO         4557    i.sqrt              m_ws.l(sqrt.o)
    0x08004d64   0x08004d64   0x00000062   Code   RO         4332    x$fpl$d2f           fz_ws.l(d2f.o)
    0x08004dc6   0x08004dc6   0x00000002   PAD
    0x08004dc8   0x08004dc8   0x00000150   Code   RO         4334    x$fpl$dadd          fz_ws.l(daddsub_clz.o)
    0x08004f18   0x08004f18   0x00000010   Code   RO         4608    x$fpl$dcheck1       fz_ws.l(dcheck1.o)
    0x08004f28   0x08004f28   0x00000018   Code   RO         4504    x$fpl$dcmpinf       fz_ws.l(dcmpi.o)
    0x08004f40   0x08004f40   0x000002b0   Code   RO         4341    x$fpl$ddiv          fz_ws.l(ddiv.o)
    0x080051f0   0x080051f0   0x00000078   Code   RO         4350    x$fpl$dleqf         fz_ws.l(dleqf.o)
    0x08005268   0x08005268   0x00000154   Code   RO         4352    x$fpl$dmul          fz_ws.l(dmul.o)
    0x080053bc   0x080053bc   0x0000009c   Code   RO         4506    x$fpl$dnaninf       fz_ws.l(dnaninf.o)
    0x08005458   0x08005458   0x0000000c   Code   RO         4508    x$fpl$dretinf       fz_ws.l(dretinf.o)
    0x08005464   0x08005464   0x00000016   Code   RO         4335    x$fpl$drsb          fz_ws.l(daddsub_clz.o)
    0x0800547a   0x0800547a   0x00000002   PAD
    0x0800547c   0x0800547c   0x000001cc   Code   RO         4610    x$fpl$dsqrt         fz_ws.l(dsqrt_noumaal.o)
    0x08005648   0x08005648   0x000001d4   Code   RO         4336    x$fpl$dsub          fz_ws.l(daddsub_clz.o)
    0x0800581c   0x0800581c   0x00000056   Code   RO         4354    x$fpl$f2d           fz_ws.l(f2d.o)
    0x08005872   0x08005872   0x00000002   PAD
    0x08005874   0x08005874   0x000000c4   Code   RO         4356    x$fpl$fadd          fz_ws.l(faddsub_clz.o)
    0x08005938   0x08005938   0x00000018   Code   RO         4510    x$fpl$fcmpinf       fz_ws.l(fcmpi.o)
    0x08005950   0x08005950   0x00000184   Code   RO         4363    x$fpl$fdiv          fz_ws.l(fdiv.o)
    0x08005ad4   0x08005ad4   0x00000068   Code   RO         4366    x$fpl$feqf          fz_ws.l(feqf.o)
    0x08005b3c   0x08005b3c   0x00000036   Code   RO         4368    x$fpl$ffix          fz_ws.l(ffix.o)
    0x08005b72   0x08005b72   0x00000002   PAD
    0x08005b74   0x08005b74   0x0000003e   Code   RO         4372    x$fpl$ffixu         fz_ws.l(ffixu.o)
    0x08005bb2   0x08005bb2   0x00000002   PAD
    0x08005bb4   0x08005bb4   0x00000030   Code   RO         4377    x$fpl$fflt          fz_ws.l(fflt_clz.o)
    0x08005be4   0x08005be4   0x00000026   Code   RO         4376    x$fpl$ffltu         fz_ws.l(fflt_clz.o)
    0x08005c0a   0x08005c0a   0x00000002   PAD
    0x08005c0c   0x08005c0c   0x00000068   Code   RO         4382    x$fpl$fleqf         fz_ws.l(fleqf.o)
    0x08005c74   0x08005c74   0x00000102   Code   RO         4384    x$fpl$fmul          fz_ws.l(fmul.o)
    0x08005d76   0x08005d76   0x0000008c   Code   RO         4512    x$fpl$fnaninf       fz_ws.l(fnaninf.o)
    0x08005e02   0x08005e02   0x0000000a   Code   RO         4514    x$fpl$fretinf       fz_ws.l(fretinf.o)
    0x08005e0c   0x08005e0c   0x00000062   Code   RO         4386    x$fpl$frleqf        fz_ws.l(frleqf.o)
    0x08005e6e   0x08005e6e   0x00000002   PAD
    0x08005e70   0x08005e70   0x000000ea   Code   RO         4358    x$fpl$fsub          fz_ws.l(faddsub_clz.o)
    0x08005f5a   0x08005f5a   0x00000064   Code   RO         4666    x$fpl$retnan        fz_ws.l(retnan.o)
    0x08005fbe   0x08005fbe   0x0000005c   Code   RO         4524    x$fpl$scalbn        fz_ws.l(scalbn.o)
    0x0800601a   0x0800601a   0x00000030   Code   RO         4724    x$fpl$trapveneer    fz_ws.l(trapv.o)
    0x0800604a   0x0800604a   0x00000000   Code   RO         4526    x$fpl$usenofp       fz_ws.l(usenofp.o)
    0x0800604a   0x0800604a   0x00000002   PAD
    0x0800604c   0x0800604c   0x00000050   Data   RO         3579    .constdata          inv_mpu.o
    0x0800609c   0x0800609c   0x00000bf6   Data   RO         3899    .constdata          inv_mpu_dmp_motion_driver.o
    0x08006c92   0x08006c92   0x00000006   PAD
    0x08006c98   0x08006c98   0x00000050   Data   RO         4390    .constdata          m_ws.l(asin.o)
    0x08006ce8   0x08006ce8   0x00000098   Data   RO         4529    .constdata          m_ws.l(atan.o)
    0x08006d80   0x08006d80   0x00000008   Data   RO         4555    .constdata          m_ws.l(qnan.o)
    0x08006d88   0x08006d88   0x00000020   Data   RO         4803    Region$$Table       anon$$obj.o


    Execution Region RW_IRAM1 (Exec base: 0x20000000, Load base: 0x08006da8, Size: 0x00000708, Max: 0x00005000, ABSOLUTE)

    Exec Addr    Load Addr    Size         Type   Attr      Idx    E Section Name        Object

    0x20000000   0x08006da8   0x00000014   Data   RW         1805    .data               stm32f10x_rcc.o
    0x20000014   0x08006dbc   0x00000009   Data   RW         3462    .data               serial.o
    0x2000001d   0x08006dc5   0x00000003   PAD
    0x20000020   0x08006dc8   0x00000035   Data   RW         3580    .data               inv_mpu.o
    0x20000055   0x08006dfd   0x00000003   PAD
    0x20000058   0x08006e00   0x00000040   Data   RW         4193    .data               main.o
    0x20000098        -       0x00000010   Zero   RW         3898    .bss                inv_mpu_dmp_motion_driver.o
    0x200000a8        -       0x00000060   Zero   RW         4613    .bss                c_w.l(libspace.o)
    0x20000108        -       0x00000200   Zero   RW            2    HEAP                startup_stm32f10x_md.o
    0x20000308        -       0x00000400   Zero   RW            1    STACK               startup_stm32f10x_md.o


==============================================================================

Image component sizes


      Code (inc. data)   RO Data    RW Data    ZI Data      Debug   Object Name

       324         18          0          0          0       1516   ad.o
         0          0          0          0          0       4516   core_cm3.o
        82          0          0          0          0       1317   delay.o
       188         14          0          0          0       1065   encoder.o
      6686        214         80         53          0      28926   inv_mpu.o
      3092        124       3062          0         16      19610   inv_mpu_dmp_motion_driver.o
       538         18          0          0          0       2854   key.o
       152         28          0          0          0       2480   led.o
      1052        128          0         64          0       4459   main.o
       132         22          0          0          0     215755   misc.o
       466          0          0          0          0       5469   mpu6050.o
       540         74          0          0          0       4676   mpu6050_i2c.o
       222         16          0          9          0       2675   serial.o
        64         26        236          0       1536        800   startup_stm32f10x_md.o
       394         10          0          0          0      17985   stm32f10x_adc.o
       200         18          0          0          0       3976   stm32f10x_exti.o
       368          4          0          0          0      12202   stm32f10x_gpio.o
        26          0          0          0          0       3522   stm32f10x_it.o
       300         38          0         20          0      13317   stm32f10x_rcc.o
      1182        150          0          0          0      31549   stm32f10x_tim.o
       274          6          0          0          0       9684   stm32f10x_usart.o
       196          4          0          0          0       3471   sys.o
       328         28          0          0          0      45021   system_stm32f10x.o

    ----------------------------------------------------------------------
     16830        940       3416        152       1552     436845   Object Totals
         0          0         32          0          0          0   (incl. Generated)
        24          0          6          6          0          0   (incl. Padding)

    ----------------------------------------------------------------------

      Code (inc. data)   RO Data    RW Data    ZI Data      Debug   Library Member Name

         8          0          0          0          0         68   __main.o
         0          0          0          0          0          0   __rtentry.o
        12          0          0          0          0          0   __rtentry2.o
         6          0          0          0          0          0   __rtentry4.o
        52          8          0          0          0          0   __scatter.o
        26          0          0          0          0          0   __scatter_copy.o
        28          0          0          0          0          0   __scatter_zi.o
        22          0          0          0          0        100   _rserrno.o
        16          0          0          0          0         68   aeabi_memset.o
        18          0          0          0          0         80   exit.o
         6          0          0          0          0        152   heapauxi.o
         0          0          0          0          0          0   indicate_semi.o
         2          0          0          0          0          0   libinit.o
         2          0          0          0          0          0   libinit2.o
         2          0          0          0          0          0   libshutdown.o
         2          0          0          0          0          0   libshutdown2.o
         8          4          0          0         96         68   libspace.o
        72          0          0          0          0         76   llsdiv.o
       238          0          0          0          0        100   lludivv7m.o
        88          0          0          0          0         76   memcmp.o
         8          4          0          0          0         68   rt_errno_addr_intlibspace.o
        68          0          0          0          0         68   rt_memclr.o
        78          0          0          0          0         80   rt_memclr_w.o
         2          0          0          0          0          0   rtexit.o
        10          0          0          0          0          0   rtexit2.o
        12          4          0          0          0         68   sys_exit.o
        74          0          0          0          0         80   sys_stackheap_outer.o
         2          0          0          0          0         68   use_no_semi.o
        98          4          0          0          0         92   d2f.o
       826         16          0          0          0        348   daddsub_clz.o
        16          4          0          0          0         68   dcheck1.o
        24          0          0          0          0         68   dcmpi.o
       688        140          0          0          0        208   ddiv.o
       120          4          0          0          0         92   dleqf.o
       340         12          0          0          0        104   dmul.o
       156          4          0          0          0         92   dnaninf.o
        12          0          0          0          0         68   dretinf.o
       460         56          0          0          0        120   dsqrt_noumaal.o
        86          4          0          0          0         84   f2d.o
       430          8          0          0          0        168   faddsub_clz.o
        24          0          0          0          0         68   fcmpi.o
       388         76          0          0          0         96   fdiv.o
       104          4          0          0          0         84   feqf.o
        54          4          0          0          0         84   ffix.o
        62          4          0          0          0         84   ffixu.o
        86          0          0          0          0        136   fflt_clz.o
       104          4          0          0          0         84   fleqf.o
       258          4          0          0          0         84   fmul.o
       140          4          0          0          0         84   fnaninf.o
        10          0          0          0          0         68   fretinf.o
        98          0          0          0          0         68   frleqf.o
       100          0          0          0          0         68   retnan.o
        92          0          0          0          0         68   scalbn.o
        48          0          0          0          0         68   trapv.o
         0          0          0          0          0          0   usenofp.o
       624         52         80          0          0        168   asin.o
       544         70        152          0          0        124   atan.o
       384         38          0          0          0        144   atan2.o
        38          6          0          0          0        272   dunder.o
        40          0          0          0          0         68   fpclassify.o
       170          0          0          0          0         96   poly.o
         0          0          8          0          0          0   qnan.o
        76          0          0          0          0         84   sqrt.o

    ----------------------------------------------------------------------
      7586        538        240          0         96       4832   Library Totals
        24          0          0          0          0          0   (incl. Padding)

    ----------------------------------------------------------------------

      Code (inc. data)   RO Data    RW Data    ZI Data      Debug   Library Name

       862         20          0          0         96       1220   c_w.l
      4824        352          0          0          0       2656   fz_ws.l
      1876        166        240          0          0        956   m_ws.l

    ----------------------------------------------------------------------
      7586        538        240          0         96       4832   Library Totals

    ----------------------------------------------------------------------

==============================================================================


      Code (inc. data)   RO Data    RW Data    ZI Data      Debug   

     24416       1478       3656        152       1648     430857   Grand Totals
     24416       1478       3656        152       1648     430857   ELF Image Totals
     24416       1478       3656        152          0          0   ROM Totals

==============================================================================

    Total RO  Size (Code + RO Data)                28072 (  27.41kB)
    Total RW  Size (RW Data + ZI Data)              1800 (   1.76kB)
    Total ROM Size (Code + RO Data + RW Data)      28224 (  27.56kB)

==============================================================================

